2025-12-16 09:29:18,430 - INFO - 查询数据库：共 918 个运单需要同步（已排除 DELIVERED, EXPIRED 状态）
2025-12-16 09:29:18,430 - INFO - ============================================================
2025-12-16 09:29:18,430 - INFO - 开始执行轨迹同步任务，总计 918 个运单
2025-12-16 09:29:18,430 - INFO - ============================================================
2025-12-16 09:29:18,430 - INFO - 【第 1 批】开始同步 100 个运单
2025-12-16 09:29:19,470 - INFO - 创建 9214490401712423180747 的新轨迹 1 条
2025-12-16 09:29:19,502 - INFO - 创建 GFUS01024491077825 的新轨迹 1 条
2025-12-16 09:29:19,534 - INFO - 创建 GFUS01024491082176 的新轨迹 1 条
2025-12-16 09:29:19,572 - INFO - 创建 9214490401712423173145 的新轨迹 1 条
2025-12-16 09:29:19,607 - INFO - 创建 GFUS01024491011905 的新轨迹 1 条
2025-12-16 09:29:19,641 - INFO - 创建 GFUS01024491087490 的新轨迹 1 条
2025-12-16 09:29:19,674 - INFO - 创建 GFUS01024491015296 的新轨迹 1 条
2025-12-16 09:29:19,707 - INFO - 创建 GFUS01024491087872 的新轨迹 1 条
2025-12-16 09:29:19,741 - INFO - 创建 GFUS01024491020801 的新轨迹 1 条
2025-12-16 09:29:19,775 - INFO - 创建 9214490401712423164563 的新轨迹 1 条
2025-12-16 09:29:19,808 - INFO - 创建 SWX990070000011977993 的新轨迹 1 条
2025-12-16 09:29:19,847 - INFO - 创建 9214490401712423159736 的新轨迹 1 条
2025-12-16 09:29:19,879 - INFO - 创建 9214490401712423151853 的新轨迹 1 条
2025-12-16 09:29:19,913 - INFO - 创建 GFUS01024491940226 的新轨迹 1 条
2025-12-16 09:29:19,949 - INFO - 创建 SWX175120000011978859 的新轨迹 1 条
2025-12-16 09:29:19,987 - INFO - 创建 GFUS01024491623104 的新轨迹 1 条
2025-12-16 09:29:20,022 - INFO - 创建 GFUS01024491832064 的新轨迹 1 条
2025-12-16 09:29:20,074 - INFO - 创建 9214490401712423156230 的新轨迹 1 条
2025-12-16 09:29:20,119 - INFO - 创建 9214490401712423229194 的新轨迹 1 条
2025-12-16 09:29:20,155 - INFO - 创建 9214490401712423211205 的新轨迹 1 条
2025-12-16 09:29:20,191 - INFO - 创建 GFUS01024491107648 的新轨迹 1 条
2025-12-16 09:29:20,226 - INFO - 创建 GFUS01024491138306 的新轨迹 1 条
2025-12-16 09:29:20,263 - INFO - 创建 GFUS01024491148546 的新轨迹 1 条
2025-12-16 09:29:20,297 - INFO - 创建 GFUS01024491153602 的新轨迹 1 条
2025-12-16 09:29:20,335 - INFO - 创建 9214490401712423176108 的新轨迹 1 条
2025-12-16 09:29:20,372 - INFO - 创建 GFUS01024491029824 的新轨迹 1 条
2025-12-16 09:29:20,404 - INFO - 创建 GFUS01024491031042 的新轨迹 1 条
2025-12-16 09:29:20,443 - INFO - 创建 GFUS01024491036480 的新轨迹 1 条
2025-12-16 09:29:20,478 - INFO - 创建 GFUS01024490999424 的新轨迹 1 条
2025-12-16 09:29:20,521 - INFO - 创建 SWX082650000011977800 的新轨迹 1 条
2025-12-16 09:29:20,559 - INFO - 创建 GFUS01024490998849 的新轨迹 1 条
2025-12-16 09:29:20,592 - INFO - 创建 9214490401712423194072 的新轨迹 1 条
2025-12-16 09:29:20,626 - INFO - 创建 GFUS01024491048004 的新轨迹 1 条
2025-12-16 09:29:20,659 - INFO - 创建 GFUS01024491057666 的新轨迹 1 条
2025-12-16 09:29:20,701 - INFO - 创建 9214490401712423190234 的新轨迹 1 条
2025-12-16 09:29:20,735 - INFO - 创建 9214490401712423154311 的新轨迹 1 条
2025-12-16 09:29:20,772 - INFO - 创建 9214490401712423163931 的新轨迹 1 条
2025-12-16 09:29:20,807 - INFO - 创建 9214490401712423164365 的新轨迹 1 条
2025-12-16 09:29:20,854 - INFO - 创建 9214490401712423189412 的新轨迹 1 条
2025-12-16 09:29:20,893 - INFO - 创建 9214490401712423098967 的新轨迹 1 条
2025-12-16 09:29:20,936 - INFO - 创建 9214490401712423053386 的新轨迹 1 条
2025-12-16 09:29:20,972 - INFO - 创建 9300110990413076129054 的新轨迹 2 条
2025-12-16 09:29:21,005 - INFO - 创建 9300110990413076126756 的新轨迹 2 条
2025-12-16 09:29:21,042 - INFO - 创建 9300110990413076201019 的新轨迹 2 条
2025-12-16 09:29:21,077 - INFO - 创建 9300110990413076173873 的新轨迹 2 条
2025-12-16 09:29:21,116 - INFO - 创建 9214490401712423100035 的新轨迹 1 条
2025-12-16 09:29:21,156 - INFO - 创建 9214490401712423118931 的新轨迹 1 条
2025-12-16 09:29:21,198 - INFO - 创建 9214490401712423053379 的新轨迹 1 条
2025-12-16 09:29:21,233 - INFO - 创建 GFUS01024487118848 的新轨迹 1 条
2025-12-16 09:29:21,274 - INFO - 创建 9214490401712423054000 的新轨迹 1 条
2025-12-16 09:29:22,218 - INFO - 创建 SWX425800000011977858 的新轨迹 1 条
2025-12-16 09:29:22,256 - INFO - 创建 GFUS01024491062018 的新轨迹 1 条
2025-12-16 09:29:22,294 - INFO - 创建 GFUS01024491071681 的新轨迹 1 条
2025-12-16 09:29:22,335 - INFO - 创建 GFUS01024491002368 的新轨迹 1 条
2025-12-16 09:29:22,370 - INFO - 创建 GFUS01024491072833 的新轨迹 1 条
2025-12-16 09:29:22,408 - INFO - 创建 GFUS01024491004416 的新轨迹 1 条
2025-12-16 09:29:22,445 - INFO - 创建 GFUS01024489030336 的新轨迹 1 条
2025-12-16 09:29:22,481 - INFO - 创建 GFUS01024489022594 的新轨迹 1 条
2025-12-16 09:29:22,514 - INFO - 创建 SWX172510000011974514 的新轨迹 1 条
2025-12-16 09:29:22,549 - INFO - 创建 GFUS01024490033729 的新轨迹 1 条
2025-12-16 09:29:22,583 - INFO - 创建 GFUS01024490420800 的新轨迹 1 条
2025-12-16 09:29:22,617 - INFO - 创建 GFUS01024491115840 的新轨迹 1 条
2025-12-16 09:29:22,650 - INFO - 创建 GFUS01024491114690 的新轨迹 1 条
2025-12-16 09:29:22,688 - INFO - 创建 GFUS01024491056192 的新轨迹 1 条
2025-12-16 09:29:22,725 - INFO - 创建 GFUS01024491120642 的新轨迹 1 条
2025-12-16 09:29:22,761 - INFO - 创建 GFUS01024491131328 的新轨迹 1 条
2025-12-16 09:29:22,795 - INFO - 创建 GFUS01024491056769 的新轨迹 1 条
2025-12-16 09:29:22,831 - INFO - 创建 GFUS01024491131457 的新轨迹 1 条
2025-12-16 09:29:22,868 - INFO - 创建 GFUS01024491105408 的新轨迹 1 条
2025-12-16 09:29:22,905 - INFO - 创建 GFUS01024491132930 的新轨迹 1 条
2025-12-16 09:29:22,940 - INFO - 创建 GFUS01024491107009 的新轨迹 1 条
2025-12-16 09:29:22,975 - INFO - 创建 GFUS01024491138177 的新轨迹 1 条
2025-12-16 09:29:23,017 - INFO - 创建 SWX586970000011972571 的新轨迹 1 条
2025-12-16 09:29:23,059 - INFO - 创建 GFUS01024489062914 的新轨迹 1 条
2025-12-16 09:29:23,101 - INFO - 创建 GFUS01024490094406 的新轨迹 1 条
2025-12-16 09:29:23,139 - INFO - 创建 GFUS01024489923072 的新轨迹 1 条
2025-12-16 09:29:23,177 - INFO - 创建 GFUS01024489330884 的新轨迹 1 条
2025-12-16 09:29:23,211 - INFO - 创建 GFUS01024491664704 的新轨迹 1 条
2025-12-16 09:29:23,249 - INFO - 创建 GFUS01024491990279 的新轨迹 1 条
2025-12-16 09:29:23,287 - INFO - 创建 SWX390210000011970437 的新轨迹 1 条
2025-12-16 09:29:23,321 - INFO - 创建 SWX981720000011970436 的新轨迹 1 条
2025-12-16 09:29:23,363 - INFO - 创建 GFUS01024488489538 的新轨迹 1 条
2025-12-16 09:29:23,399 - INFO - 创建 GFUS01024489533057 的新轨迹 1 条
2025-12-16 09:29:23,435 - INFO - 创建 GFUS01024488922372 的新轨迹 1 条
2025-12-16 09:29:23,472 - INFO - 创建 GFUS01024488981568 的新轨迹 1 条
2025-12-16 09:29:23,526 - INFO - 创建 GFUS01024489325060 的新轨迹 1 条
2025-12-16 09:29:23,609 - INFO - 创建 GFUS01024489056640 的新轨迹 1 条
2025-12-16 09:29:23,650 - INFO - 创建 SWX772110000011967873 的新轨迹 1 条
2025-12-16 09:29:23,693 - INFO - 创建 SWX538270000011980465 的新轨迹 1 条
2025-12-16 09:29:23,735 - INFO - 创建 GFUS01024489067264 的新轨迹 1 条
2025-12-16 09:29:23,776 - INFO - 创建 SWX676140000011980596 的新轨迹 1 条
2025-12-16 09:29:23,808 - INFO - 创建 GFUS01024487147907 的新轨迹 1 条
2025-12-16 09:29:23,844 - INFO - 创建 GFUS01024487205058 的新轨迹 1 条
2025-12-16 09:29:23,883 - INFO - 创建 GFUS01024487227010 的新轨迹 1 条
2025-12-16 09:29:23,916 - INFO - 创建 GFUS01024487787201 的新轨迹 1 条
2025-12-16 09:29:23,958 - INFO - 创建 GFUS01024487691329 的新轨迹 1 条
2025-12-16 09:29:23,994 - INFO - 创建 GFUS01024487628417 的新轨迹 1 条
2025-12-16 09:29:24,031 - INFO - 创建 9200190371472912706181 的新轨迹 1 条
2025-12-16 09:29:24,066 - INFO - 创建 9214490401712421717235 的新轨迹 1 条
2025-12-16 09:29:24,068 - INFO - 【第 1 批】同步完成: 成功 100 条, 失败 0 条
2025-12-16 09:29:24,068 - INFO - 【第 2 批】开始同步 100 个运单
2025-12-16 09:29:25,111 - INFO - 创建 GFUS01024487627520 的新轨迹 1 条
2025-12-16 09:29:25,141 - INFO - 创建 GFUS01024487629184 的新轨迹 1 条
2025-12-16 09:29:25,178 - INFO - 创建 9214490401712423079218 的新轨迹 1 条
2025-12-16 09:29:25,210 - INFO - 创建 9214490401712423053898 的新轨迹 1 条
2025-12-16 09:29:25,243 - INFO - 创建 9214490401712423088821 的新轨迹 1 条
2025-12-16 09:29:25,277 - INFO - 创建 9214490401712423046616 的新轨迹 1 条
2025-12-16 09:29:25,308 - INFO - 创建 9214490401712423093450 的新轨迹 1 条
2025-12-16 09:29:25,338 - INFO - 创建 9214490401712423156193 的新轨迹 1 条
2025-12-16 09:29:25,366 - INFO - 创建 GFUS01024487559362 的新轨迹 1 条
2025-12-16 09:29:25,390 - INFO - 创建 9214490401712423004500 的新轨迹 1 条
2025-12-16 09:29:25,418 - INFO - 创建 GFUS01024487364800 的新轨迹 1 条
2025-12-16 09:29:25,443 - INFO - 创建 GFUS01024487226689 的新轨迹 1 条
2025-12-16 09:29:25,476 - INFO - 创建 GFUS01024487184579 的新轨迹 1 条
2025-12-16 09:29:25,505 - INFO - 创建 GFUS01024487204673 的新轨迹 1 条
2025-12-16 09:29:25,530 - INFO - 创建 GFUS01024487060739 的新轨迹 1 条
2025-12-16 09:29:25,566 - INFO - 创建 GFUS01024487654145 的新轨迹 1 条
2025-12-16 09:29:25,596 - INFO - 创建 GFUS01024487534209 的新轨迹 1 条
2025-12-16 09:29:25,629 - INFO - 创建 9214490401712423053331 的新轨迹 1 条
2025-12-16 09:29:25,660 - INFO - 创建 9214490401712423053959 的新轨迹 1 条
2025-12-16 09:29:25,685 - INFO - 创建 GFUS01024354796032 的新轨迹 1 条
2025-12-16 09:29:25,713 - INFO - 创建 GFUS01024400147584 的新轨迹 1 条
2025-12-16 09:29:25,739 - INFO - 创建 GFUS01024360829121 的新轨迹 1 条
2025-12-16 09:29:25,770 - INFO - 创建 GFUS01024488049730 的新轨迹 1 条
2025-12-16 09:29:25,796 - INFO - 创建 GFUS01024487603522 的新轨迹 1 条
2025-12-16 09:29:25,827 - INFO - 创建 9214490401712423194430 的新轨迹 1 条
2025-12-16 09:29:25,859 - INFO - 创建 GFUS01024487868996 的新轨迹 1 条
2025-12-16 09:29:25,896 - INFO - 创建 GFUS01024487869122 的新轨迹 1 条
2025-12-16 09:29:25,927 - INFO - 创建 GFUS01024487873664 的新轨迹 1 条
2025-12-16 09:29:25,957 - INFO - 创建 9214490401712423054987 的新轨迹 1 条
2025-12-16 09:29:25,992 - INFO - 创建 9214490401712423053164 的新轨迹 1 条
2025-12-16 09:29:26,027 - INFO - 创建 GFUS01024487654657 的新轨迹 1 条
2025-12-16 09:29:26,059 - INFO - 创建 9214490401712423053904 的新轨迹 1 条
2025-12-16 09:29:26,091 - INFO - 创建 9214490401712423077634 的新轨迹 1 条
2025-12-16 09:29:26,123 - INFO - 创建 GFUS01024489065155 的新轨迹 1 条
2025-12-16 09:29:26,150 - INFO - 创建 9300110990413073473693 的新轨迹 1 条
2025-12-16 09:29:26,176 - INFO - 创建 9300110990413073480035 的新轨迹 1 条
2025-12-16 09:29:26,202 - INFO - 创建 9300110990413073483111 的新轨迹 1 条
2025-12-16 09:29:26,230 - INFO - 创建 9300110990413073484842 的新轨迹 1 条
2025-12-16 09:29:26,261 - INFO - 创建 GFUS01024350459008 的新轨迹 1 条
2025-12-16 09:29:26,287 - INFO - 创建 9214490401712423204450 的新轨迹 1 条
2025-12-16 09:29:26,314 - INFO - 创建 GFUS01024350534976 的新轨迹 1 条
2025-12-16 09:29:26,340 - INFO - 创建 GFUS01024350535680 的新轨迹 1 条
2025-12-16 09:29:26,364 - INFO - 创建 9300110990413073489021 的新轨迹 1 条
2025-12-16 09:29:26,390 - INFO - 创建 GFUS01024485852482 的新轨迹 1 条
2025-12-16 09:29:26,417 - INFO - 创建 GFUS01024354483520 的新轨迹 1 条
2025-12-16 09:29:26,443 - INFO - 创建 9214490401712421798678 的新轨迹 1 条
2025-12-16 09:29:26,470 - INFO - 创建 GFUS01024354485506 的新轨迹 1 条
2025-12-16 09:29:26,501 - INFO - 创建 9214490401712423149775 的新轨迹 1 条
2025-12-16 09:29:26,534 - INFO - 创建 9214490401712422262932 的新轨迹 1 条
2025-12-16 09:29:26,565 - INFO - 创建 9214490401712421788969 的新轨迹 1 条
2025-12-16 09:29:27,585 - INFO - 创建 GFUS01024491396224 的新轨迹 1 条
2025-12-16 09:29:27,601 - INFO - 创建 GFUS01024489304065 的新轨迹 1 条
2025-12-16 09:29:27,620 - INFO - 创建 SWX116300000011980610 的新轨迹 1 条
2025-12-16 09:29:27,637 - INFO - 创建 GFUS01024489286018 的新轨迹 1 条
2025-12-16 09:29:27,654 - INFO - 创建 SWX086740000011980450 的新轨迹 1 条
2025-12-16 09:29:27,674 - INFO - 创建 GFUS01024489065541 的新轨迹 1 条
2025-12-16 09:29:27,690 - INFO - 创建 SWX450470000011980599 的新轨迹 1 条
2025-12-16 09:29:27,708 - INFO - 创建 GFUS01024489228994 的新轨迹 1 条
2025-12-16 09:29:27,723 - INFO - 创建 SWX582050000011822366 的新轨迹 1 条
2025-12-16 09:29:27,740 - INFO - 创建 SWX894050000011969145 的新轨迹 1 条
2025-12-16 09:29:27,758 - INFO - 创建 9214490401712423098493 的新轨迹 1 条
2025-12-16 09:29:27,775 - INFO - 创建 9214490401712423202562 的新轨迹 1 条
2025-12-16 09:29:27,791 - INFO - 创建 9214490401712421618129 的新轨迹 1 条
2025-12-16 09:29:27,809 - INFO - 创建 9214490401712423098615 的新轨迹 1 条
2025-12-16 09:29:27,823 - INFO - 创建 9214490401712421683257 的新轨迹 1 条
2025-12-16 09:29:27,838 - INFO - 创建 9300110990413073449407 的新轨迹 1 条
2025-12-16 09:29:27,853 - INFO - 创建 9214490401712423203897 的新轨迹 1 条
2025-12-16 09:29:27,867 - INFO - 创建 9300110990413073450076 的新轨迹 1 条
2025-12-16 09:29:27,881 - INFO - 创建 9300110990413073451639 的新轨迹 1 条
2025-12-16 09:29:27,898 - INFO - 创建 9300110990413073462727 的新轨迹 1 条
2025-12-16 09:29:27,917 - INFO - 创建 9300110990413073458379 的新轨迹 1 条
2025-12-16 09:29:27,933 - INFO - 创建 9300110990413073472801 的新轨迹 1 条
2025-12-16 09:29:27,949 - INFO - 创建 9300110990413073316549 的新轨迹 1 条
2025-12-16 09:29:27,965 - INFO - 创建 9300110990413073305246 的新轨迹 1 条
2025-12-16 09:29:27,979 - INFO - 创建 9300110990413073308773 的新轨迹 1 条
2025-12-16 09:29:27,994 - INFO - 创建 9300110990413073320218 的新轨迹 1 条
2025-12-16 09:29:28,011 - INFO - 创建 9214490401712421705867 的新轨迹 1 条
2025-12-16 09:29:28,026 - INFO - 创建 9300110990413073323172 的新轨迹 1 条
2025-12-16 09:29:28,041 - INFO - 创建 9300110990413073326135 的新轨迹 1 条
2025-12-16 09:29:28,058 - INFO - 创建 9300110990413073333911 的新轨迹 1 条
2025-12-16 09:29:28,072 - INFO - 创建 9300110990413073361280 的新轨迹 1 条
2025-12-16 09:29:28,086 - INFO - 创建 9300110990413073275594 的新轨迹 1 条
2025-12-16 09:29:28,101 - INFO - 创建 9300110990413073286439 的新轨迹 1 条
2025-12-16 09:29:28,117 - INFO - 创建 9300110990413073276409 的新轨迹 1 条
2025-12-16 09:29:28,132 - INFO - 创建 9300110990413073287320 的新轨迹 1 条
2025-12-16 09:29:28,149 - INFO - 创建 9300110990413073293321 的新轨迹 1 条
2025-12-16 09:29:28,163 - INFO - 创建 9300110990413073294960 的新轨迹 1 条
2025-12-16 09:29:28,177 - INFO - 创建 9300110990413073290030 的新轨迹 1 条
2025-12-16 09:29:28,193 - INFO - 创建 9300110990413073304096 的新轨迹 1 条
2025-12-16 09:29:28,209 - INFO - 创建 9300110990413073300579 的新轨迹 1 条
2025-12-16 09:29:28,225 - INFO - 创建 GFUS01024328526912 的新轨迹 1 条
2025-12-16 09:29:28,241 - INFO - 创建 GFUS01024328961152 的新轨迹 1 条
2025-12-16 09:29:28,256 - INFO - 创建 GFUS01024344779841 的新轨迹 1 条
2025-12-16 09:29:28,273 - INFO - 创建 GFUS01024344809920 的新轨迹 1 条
2025-12-16 09:29:28,288 - INFO - 创建 GFUS01024345456448 的新轨迹 1 条
2025-12-16 09:29:28,304 - INFO - 创建 GFUS01024318871749 的新轨迹 1 条
2025-12-16 09:29:28,320 - INFO - 创建 9214490401712421852677 的新轨迹 1 条
2025-12-16 09:29:28,337 - INFO - 创建 GFUS01024318845120 的新轨迹 1 条
2025-12-16 09:29:28,353 - INFO - 创建 GFUS01024318829312 的新轨迹 1 条
2025-12-16 09:29:28,371 - INFO - 创建 9214490401712421586305 的新轨迹 1 条
2025-12-16 09:29:28,372 - INFO - 【第 2 批】同步完成: 成功 100 条, 失败 0 条
2025-12-16 09:29:28,372 - INFO - 【第 3 批】开始同步 100 个运单
2025-12-16 09:29:29,384 - INFO - 创建 SWX820320000011981522 的新轨迹 1 条
2025-12-16 09:29:29,401 - INFO - 创建 SWX651630000011972651 的新轨迹 1 条
2025-12-16 09:29:29,420 - INFO - 创建 GFUS01024355923584 的新轨迹 1 条
2025-12-16 09:29:29,438 - INFO - 创建 GFUS01024355847425 的新轨迹 1 条
2025-12-16 09:29:29,455 - INFO - 创建 SWX584290000011969146 的新轨迹 1 条
2025-12-16 09:29:29,470 - INFO - 创建 GFUS01024347316416 的新轨迹 1 条
2025-12-16 09:29:29,484 - INFO - 创建 GFUS01024347569792 的新轨迹 1 条
2025-12-16 09:29:29,499 - INFO - 创建 GFUS01024347517120 的新轨迹 1 条
2025-12-16 09:29:29,517 - INFO - 创建 GFUS01024355915394 的新轨迹 1 条
2025-12-16 09:29:29,534 - INFO - 创建 9214490401712423199961 的新轨迹 1 条
2025-12-16 09:29:29,552 - INFO - 创建 9214490401712423200216 的新轨迹 1 条
2025-12-16 09:29:29,566 - INFO - 创建 GFUS01024324073280 的新轨迹 1 条
2025-12-16 09:29:29,580 - INFO - 创建 GFUS01024324233408 的新轨迹 1 条
2025-12-16 09:29:29,597 - INFO - 创建 9300110990413073267643 的新轨迹 1 条
2025-12-16 09:29:29,611 - INFO - 创建 9300110990413073254469 的新轨迹 1 条
2025-12-16 09:29:29,629 - INFO - 创建 9214490401712421814828 的新轨迹 1 条
2025-12-16 09:29:29,644 - INFO - 创建 GFUS01024309403648 的新轨迹 1 条
2025-12-16 09:29:29,658 - INFO - 创建 9214490401712421750133 的新轨迹 1 条
2025-12-16 09:29:29,674 - INFO - 创建 9214490401712423198599 的新轨迹 1 条
2025-12-16 09:29:29,690 - INFO - 创建 9214490401712423060957 的新轨迹 1 条
2025-12-16 09:29:29,704 - INFO - 创建 GFUS01024311521984 的新轨迹 1 条
2025-12-16 09:29:29,720 - INFO - 创建 GFUS01024311521988 的新轨迹 1 条
2025-12-16 09:29:29,735 - INFO - 创建 9214490401712421725650 的新轨迹 1 条
2025-12-16 09:29:29,751 - INFO - 创建 GFUS01024312646976 的新轨迹 1 条
2025-12-16 09:29:29,768 - INFO - 创建 9214490401712423156490 的新轨迹 1 条
2025-12-16 09:29:29,782 - INFO - 创建 GFUS01024349206977 的新轨迹 1 条
2025-12-16 09:29:29,797 - INFO - 创建 GFUS01024351125509 的新轨迹 1 条
2025-12-16 09:29:29,815 - INFO - 创建 GFUS01024344710274 的新轨迹 1 条
2025-12-16 09:29:29,830 - INFO - 创建 GFUS01024344736128 的新轨迹 1 条
2025-12-16 09:29:29,845 - INFO - 创建 GFUS01024319001344 的新轨迹 1 条
2025-12-16 09:29:29,862 - INFO - 创建 9214490401712423154915 的新轨迹 1 条
2025-12-16 09:29:29,876 - INFO - 创建 9214490401712421034127 的新轨迹 1 条
2025-12-16 09:29:29,893 - INFO - 创建 9214490401712421670028 的新轨迹 1 条
2025-12-16 09:29:29,910 - INFO - 创建 9300110990413073527181 的新轨迹 1 条
2025-12-16 09:29:29,925 - INFO - 创建 9300110990413073509262 的新轨迹 1 条
2025-12-16 09:29:29,939 - INFO - 创建 9300110990413073506223 的新轨迹 1 条
2025-12-16 09:29:29,956 - INFO - 创建 9300110990413073514358 的新轨迹 1 条
2025-12-16 09:29:29,971 - INFO - 创建 GFUS01024285379328 的新轨迹 1 条
2025-12-16 09:29:29,989 - INFO - 创建 9214490401712421235821 的新轨迹 1 条
2025-12-16 09:29:30,006 - INFO - 创建 9214490401712421820188 的新轨迹 1 条
2025-12-16 09:29:30,022 - INFO - 创建 9214490401712421671636 的新轨迹 1 条
2025-12-16 09:29:30,037 - INFO - 创建 9214490401712423098141 的新轨迹 1 条
2025-12-16 09:29:30,052 - INFO - 创建 9214490401712421818208 的新轨迹 1 条
2025-12-16 09:29:30,068 - INFO - 创建 9214490401712423239513 的新轨迹 1 条
2025-12-16 09:29:30,085 - INFO - 创建 9214490401712423056356 的新轨迹 1 条
2025-12-16 09:29:30,101 - INFO - 创建 9214490401712423242629 的新轨迹 1 条
2025-12-16 09:29:30,116 - INFO - 创建 9214490401712421726282 的新轨迹 1 条
2025-12-16 09:29:30,134 - INFO - 创建 GFUS01024256087360 的新轨迹 1 条
2025-12-16 09:29:30,151 - INFO - 创建 9214490401712421235623 的新轨迹 1 条
2025-12-16 09:29:30,168 - INFO - 创建 9214490401712421235647 的新轨迹 1 条
2025-12-16 09:29:31,202 - INFO - 创建 GFUS01024491385922 的新轨迹 1 条
2025-12-16 09:29:31,223 - INFO - 创建 GFUS01024355917632 的新轨迹 1 条
2025-12-16 09:29:31,240 - INFO - 创建 GFUS01024355838657 的新轨迹 1 条
2025-12-16 09:29:31,256 - INFO - 创建 GFUS01024355846145 的新轨迹 1 条
2025-12-16 09:29:31,276 - INFO - 创建 GFUS01024489157056 的新轨迹 1 条
2025-12-16 09:29:31,293 - INFO - 创建 SWX182810000011830638 的新轨迹 1 条
2025-12-16 09:29:31,310 - INFO - 创建 GFUS01024489176385 的新轨迹 1 条
2025-12-16 09:29:31,326 - INFO - 创建 GFUS01024489156802 的新轨迹 1 条
2025-12-16 09:29:31,342 - INFO - 创建 GFUS01024355916224 的新轨迹 1 条
2025-12-16 09:29:31,358 - INFO - 创建 GFUS01024491381826 的新轨迹 1 条
2025-12-16 09:29:31,373 - INFO - 创建 GFUS01024488256193 的新轨迹 1 条
2025-12-16 09:29:31,389 - INFO - 创建 SWX762910000011970847 的新轨迹 1 条
2025-12-16 09:29:31,404 - INFO - 创建 SWX383880000011814414 的新轨迹 1 条
2025-12-16 09:29:31,418 - INFO - 创建 SWX711950000011814434 的新轨迹 1 条
2025-12-16 09:29:31,435 - INFO - 创建 GFUS01024489158276 的新轨迹 1 条
2025-12-16 09:29:31,454 - INFO - 创建 SWX394910000011830533 的新轨迹 1 条
2025-12-16 09:29:31,473 - INFO - 创建 GFUS01024355917057 的新轨迹 1 条
2025-12-16 09:29:31,489 - INFO - 创建 GFUS01024355815040 的新轨迹 1 条
2025-12-16 09:29:31,504 - INFO - 创建 GFUS01024488609792 的新轨迹 1 条
2025-12-16 09:29:31,523 - INFO - 创建 GFUS01024488692995 的新轨迹 1 条
2025-12-16 09:29:31,540 - INFO - 创建 SWX024980000011830479 的新轨迹 1 条
2025-12-16 09:29:31,557 - INFO - 创建 GFUS01024489157956 的新轨迹 1 条
2025-12-16 09:29:31,572 - INFO - 创建 GFUS01024489158467 的新轨迹 1 条
2025-12-16 09:29:31,590 - INFO - 创建 GFUS01024355814657 的新轨迹 1 条
2025-12-16 09:29:31,609 - INFO - 创建 GFUS01024355816000 的新轨迹 1 条
2025-12-16 09:29:31,626 - INFO - 创建 9214490401712423248317 的新轨迹 1 条
2025-12-16 09:29:31,644 - INFO - 创建 9214490401712421235814 的新轨迹 1 条
2025-12-16 09:29:31,660 - INFO - 创建 GFUS01024491353153 的新轨迹 1 条
2025-12-16 09:29:31,677 - INFO - 创建 9300110990413071171812 的新轨迹 1 条
2025-12-16 09:29:31,694 - INFO - 创建 9214490401712423120699 的新轨迹 1 条
2025-12-16 09:29:31,709 - INFO - 创建 9300110990413071127048 的新轨迹 1 条
2025-12-16 09:29:31,725 - INFO - 创建 9300110990413071165781 的新轨迹 1 条
2025-12-16 09:29:31,741 - INFO - 创建 9300110990413071151609 的新轨迹 1 条
2025-12-16 09:29:31,756 - INFO - 创建 9300110990413071165774 的新轨迹 1 条
2025-12-16 09:29:31,771 - INFO - 创建 9300110990413071163121 的新轨迹 1 条
2025-12-16 09:29:31,787 - INFO - 创建 9300110990413071167709 的新轨迹 1 条
2025-12-16 09:29:31,802 - INFO - 创建 9300110990413071167624 的新轨迹 1 条
2025-12-16 09:29:31,819 - INFO - 创建 9300110990413071252344 的新轨迹 1 条
2025-12-16 09:29:31,834 - INFO - 创建 9300110990413071171164 的新轨迹 1 条
2025-12-16 09:29:31,849 - INFO - 创建 9300110990413071097433 的新轨迹 1 条
2025-12-16 09:29:31,866 - INFO - 创建 GFUS01024197243968 的新轨迹 1 条
2025-12-16 09:29:31,883 - INFO - 创建 9300110990413071258315 的新轨迹 1 条
2025-12-16 09:29:31,897 - INFO - 创建 GFUS01024200837632 的新轨迹 1 条
2025-12-16 09:29:31,915 - INFO - 创建 GFUS01024232491392 的新轨迹 1 条
2025-12-16 09:29:31,929 - INFO - 创建 GFUS01024241591616 的新轨迹 1 条
2025-12-16 09:29:31,950 - INFO - 创建 9214490401712423155936 的新轨迹 1 条
2025-12-16 09:29:31,965 - INFO - 创建 GFUS01024488620224 的新轨迹 1 条
2025-12-16 09:29:31,982 - INFO - 创建 9214490401712423239254 的新轨迹 1 条
2025-12-16 09:29:31,996 - INFO - 创建 9214490401712423286661 的新轨迹 1 条
2025-12-16 09:29:32,012 - INFO - 创建 GFUS01024492493569 的新轨迹 1 条
2025-12-16 09:29:32,013 - INFO - 【第 3 批】同步完成: 成功 100 条, 失败 0 条
2025-12-16 09:29:32,013 - INFO - 【第 4 批】开始同步 100 个运单
2025-12-16 09:29:32,937 - INFO - 创建 SWX838470000011981267 的新轨迹 1 条
2025-12-16 09:29:32,953 - INFO - 创建 SWX159030000011830477 的新轨迹 1 条
2025-12-16 09:29:32,967 - INFO - 创建 GFUS01024494494470 的新轨迹 1 条
2025-12-16 09:29:32,982 - INFO - 创建 GFUS01024494862785 的新轨迹 1 条
2025-12-16 09:29:32,995 - INFO - 创建 GFUS01024494842560 的新轨迹 1 条
2025-12-16 09:29:33,011 - INFO - 创建 GFUS01024496146954 的新轨迹 1 条
2025-12-16 09:29:33,024 - INFO - 创建 GFUS01024496445632 的新轨迹 1 条
2025-12-16 09:29:33,040 - INFO - 创建 GFUS01024496147142 的新轨迹 1 条
2025-12-16 09:29:33,053 - INFO - 创建 GFUS01024496147714 的新轨迹 1 条
2025-12-16 09:29:33,070 - INFO - 创建 GFUS01024496447682 的新轨迹 1 条
2025-12-16 09:29:33,086 - INFO - 创建 GFUS01024496147716 的新轨迹 1 条
2025-12-16 09:29:33,102 - INFO - 创建 GFUS01024496468672 的新轨迹 1 条
2025-12-16 09:29:33,116 - INFO - 创建 GFUS01024496474880 的新轨迹 1 条
2025-12-16 09:29:33,132 - INFO - 创建 GFUS01024496483392 的新轨迹 1 条
2025-12-16 09:29:33,149 - INFO - 创建 GFUS01024496583233 的新轨迹 1 条
2025-12-16 09:29:33,163 - INFO - 创建 GFUS01024496483648 的新轨迹 1 条
2025-12-16 09:29:33,179 - INFO - 创建 GFUS01024496200129 的新轨迹 1 条
2025-12-16 09:29:33,194 - INFO - 创建 GFUS01024496461121 的新轨迹 1 条
2025-12-16 09:29:33,209 - INFO - 创建 GFUS01024496239040 的新轨迹 1 条
2025-12-16 09:29:33,224 - INFO - 创建 GFUS01024496640001 的新轨迹 1 条
2025-12-16 09:29:33,240 - INFO - 创建 GFUS01024497079616 的新轨迹 1 条
2025-12-16 09:29:33,255 - INFO - 创建 GFUS01024495052611 的新轨迹 1 条
2025-12-16 09:29:33,270 - INFO - 创建 GFUS01024495060608 的新轨迹 1 条
2025-12-16 09:29:33,288 - INFO - 创建 GFUS01024495308034 的新轨迹 1 条
2025-12-16 09:29:33,305 - INFO - 创建 GFUS01024492654208 的新轨迹 1 条
2025-12-16 09:29:33,322 - INFO - 创建 GFUS01024495077824 的新轨迹 1 条
2025-12-16 09:29:33,338 - INFO - 创建 GFUS01024494699202 的新轨迹 1 条
2025-12-16 09:29:33,358 - INFO - 创建 GFUS01024492653825 的新轨迹 1 条
2025-12-16 09:29:33,375 - INFO - 创建 GFUS01024495329793 的新轨迹 1 条
2025-12-16 09:29:33,390 - INFO - 创建 GFUS01024494721601 的新轨迹 1 条
2025-12-16 09:29:33,404 - INFO - 创建 GFUS01024494743364 的新轨迹 1 条
2025-12-16 09:29:33,418 - INFO - 创建 GFUS01024494774656 的新轨迹 1 条
2025-12-16 09:29:33,433 - INFO - 创建 GFUS01024494815242 的新轨迹 1 条
2025-12-16 09:29:33,448 - INFO - 创建 GFUS01024494327813 的新轨迹 1 条
2025-12-16 09:29:33,464 - INFO - 创建 GFUS01024494368067 的新轨迹 1 条
2025-12-16 09:29:33,477 - INFO - 创建 GFUS01024494394050 的新轨迹 1 条
2025-12-16 09:29:33,492 - INFO - 创建 9300110990413071160267 的新轨迹 1 条
2025-12-16 09:29:33,509 - INFO - 创建 9300110990413071160465 的新轨迹 1 条
2025-12-16 09:29:33,526 - INFO - 创建 9300110990413071160083 的新轨迹 1 条
2025-12-16 09:29:33,541 - INFO - 创建 9300110990413071056744 的新轨迹 1 条
2025-12-16 09:29:33,557 - INFO - 创建 9300110990413070790816 的新轨迹 1 条
2025-12-16 09:29:33,572 - INFO - 创建 9214490401712420089258 的新轨迹 1 条
2025-12-16 09:29:33,588 - INFO - 创建 9214490401712422991917 的新轨迹 1 条
2025-12-16 09:29:33,603 - INFO - 创建 9214490401712422987866 的新轨迹 1 条
2025-12-16 09:29:33,619 - INFO - 创建 9214490401712422989471 的新轨迹 1 条
2025-12-16 09:29:33,637 - INFO - 创建 9214490401712420086127 的新轨迹 1 条
2025-12-16 09:29:33,652 - INFO - 创建 9300110990413071023555 的新轨迹 1 条
2025-12-16 09:29:33,666 - INFO - 创建 9300110990413071160663 的新轨迹 1 条
2025-12-16 09:29:33,680 - INFO - 创建 9300110990413066635831 的新轨迹 1 条
2025-12-16 09:29:33,695 - INFO - 创建 9214490401712421610093 的新轨迹 1 条
2025-12-16 09:29:34,821 - INFO - 创建 GFUS01024494420545 的新轨迹 1 条
2025-12-16 09:29:34,837 - INFO - 创建 GFUS01024494447169 的新轨迹 1 条
2025-12-16 09:29:34,852 - INFO - 创建 SWX874000000011987250 的新轨迹 1 条
2025-12-16 09:29:34,867 - INFO - 创建 GFUS01024493236993 的新轨迹 1 条
2025-12-16 09:29:34,885 - INFO - 创建 SWX651390000011989346 的新轨迹 1 条
2025-12-16 09:29:34,901 - INFO - 创建 GFUS01024495191365 的新轨迹 1 条
2025-12-16 09:29:34,918 - INFO - 创建 GFUS01024495226880 的新轨迹 1 条
2025-12-16 09:29:34,933 - INFO - 创建 GFUS01024493753475 的新轨迹 1 条
2025-12-16 09:29:34,948 - INFO - 创建 SWX787370000011982389 的新轨迹 1 条
2025-12-16 09:29:34,963 - INFO - 创建 GFUS01024492423681 的新轨迹 1 条
2025-12-16 09:29:34,979 - INFO - 创建 SWX895370000011981839 的新轨迹 1 条
2025-12-16 09:29:34,994 - INFO - 创建 GFUS01024495285889 的新轨迹 1 条
2025-12-16 09:29:35,009 - INFO - 创建 GFUS01024494885056 的新轨迹 1 条
2025-12-16 09:29:35,028 - INFO - 创建 GFUS01024494905731 的新轨迹 1 条
2025-12-16 09:29:35,045 - INFO - 创建 GFUS01024494930691 的新轨迹 1 条
2025-12-16 09:29:35,063 - INFO - 创建 GFUS01024494959744 的新轨迹 1 条
2025-12-16 09:29:35,079 - INFO - 创建 GFUS01024494991168 的新轨迹 1 条
2025-12-16 09:29:35,097 - INFO - 创建 GFUS01024494946497 的新轨迹 1 条
2025-12-16 09:29:35,116 - INFO - 创建 GFUS01024493569349 的新轨迹 1 条
2025-12-16 09:29:35,133 - INFO - 创建 SWX153900000011989031 的新轨迹 1 条
2025-12-16 09:29:35,148 - INFO - 创建 GFUS01024495027267 的新轨迹 1 条
2025-12-16 09:29:35,163 - INFO - 创建 GFUS01024495037696 的新轨迹 1 条
2025-12-16 09:29:35,177 - INFO - 创建 9300110990413071172215 的新轨迹 1 条
2025-12-16 09:29:35,194 - INFO - 创建 GFUS01024496349761 的新轨迹 1 条
2025-12-16 09:29:35,211 - INFO - 创建 GFUS01024496375617 的新轨迹 1 条
2025-12-16 09:29:35,227 - INFO - 创建 GFUS01024496395906 的新轨迹 1 条
2025-12-16 09:29:35,244 - INFO - 创建 GFUS01024496418434 的新轨迹 1 条
2025-12-16 09:29:35,263 - INFO - 创建 GFUS01024496443904 的新轨迹 1 条
2025-12-16 09:29:35,282 - INFO - 创建 GFUS01024496484929 的新轨迹 1 条
2025-12-16 09:29:35,300 - INFO - 创建 GFUS01024496507393 的新轨迹 1 条
2025-12-16 09:29:35,317 - INFO - 创建 GFUS01024496533312 的新轨迹 1 条
2025-12-16 09:29:35,335 - INFO - 创建 SWX135410000011993042 的新轨迹 1 条
2025-12-16 09:29:35,352 - INFO - 创建 GFUS01024496535552 的新轨迹 1 条
2025-12-16 09:29:35,385 - INFO - 创建 GFUS01024496580608 的新轨迹 1 条
2025-12-16 09:29:35,402 - INFO - 创建 GFUS01024496603840 的新轨迹 1 条
2025-12-16 09:29:35,418 - INFO - 创建 SWX136320000011992776 的新轨迹 1 条
2025-12-16 09:29:35,435 - INFO - 创建 GFUS01024496640770 的新轨迹 1 条
2025-12-16 09:29:35,450 - INFO - 创建 9300110990413071175247 的新轨迹 1 条
2025-12-16 09:29:35,464 - INFO - 创建 GFUS01024251838081 的新轨迹 1 条
2025-12-16 09:29:35,480 - INFO - 创建 GFUS01024251824576 的新轨迹 1 条
2025-12-16 09:29:35,496 - INFO - 创建 9300110990413071171348 的新轨迹 1 条
2025-12-16 09:29:35,512 - INFO - 创建 9300110990413071171263 的新轨迹 1 条
2025-12-16 09:29:35,535 - INFO - 创建 9300110990413071160915 的新轨迹 1 条
2025-12-16 09:29:35,550 - INFO - 创建 9300110990413071176992 的新轨迹 1 条
2025-12-16 09:29:35,566 - INFO - 创建 9300110990413071176985 的新轨迹 1 条
2025-12-16 09:29:35,581 - INFO - 创建 9300110990413071161004 的新轨迹 1 条
2025-12-16 09:29:35,595 - INFO - 创建 9300110990413071170136 的新轨迹 1 条
2025-12-16 09:29:35,611 - INFO - 创建 9300110990413071169727 的新轨迹 1 条
2025-12-16 09:29:35,627 - INFO - 创建 9300110990413071165132 的新轨迹 1 条
2025-12-16 09:29:35,629 - INFO - 【第 4 批】同步完成: 成功 100 条, 失败 0 条
2025-12-16 09:29:35,629 - INFO - 【第 5 批】开始同步 100 个运单
2025-12-16 09:29:36,531 - INFO - 创建 SWX922560000011982484 的新轨迹 1 条
2025-12-16 09:29:36,546 - INFO - 创建 SWX963430000011981774 的新轨迹 1 条
2025-12-16 09:29:36,561 - INFO - 创建 9300110990413066648718 的新轨迹 1 条
2025-12-16 09:29:36,575 - INFO - 创建 9300110990413066651763 的新轨迹 1 条
2025-12-16 09:29:36,590 - INFO - 创建 9300110990413066654979 的新轨迹 1 条
2025-12-16 09:29:36,606 - INFO - 创建 9300110990413067881312 的新轨迹 1 条
2025-12-16 09:29:36,620 - INFO - 创建 9300110990413071172420 的新轨迹 1 条
2025-12-16 09:29:36,635 - INFO - 创建 9300110990413071175353 的新轨迹 1 条
2025-12-16 09:29:36,649 - INFO - 创建 9300110990413076632820 的新轨迹 1 条
2025-12-16 09:29:36,664 - INFO - 创建 9214490401712423722947 的新轨迹 1 条
2025-12-16 09:29:36,677 - INFO - 创建 9214490401712423552490 的新轨迹 1 条
2025-12-16 09:29:36,692 - INFO - 创建 9300110990413076593435 的新轨迹 1 条
2025-12-16 09:29:36,706 - INFO - 创建 9300110990413076568068 的新轨迹 1 条
2025-12-16 09:29:36,721 - INFO - 创建 9300110990413076576612 的新轨迹 1 条
2025-12-16 09:29:36,737 - INFO - 创建 9300110990413076571549 的新轨迹 1 条
2025-12-16 09:29:36,752 - INFO - 创建 9300110990413076585256 的新轨迹 1 条
2025-12-16 09:29:36,768 - INFO - 创建 9300110990413076753426 的新轨迹 1 条
2025-12-16 09:29:36,786 - INFO - 创建 9214490401712423701270 的新轨迹 1 条
2025-12-16 09:29:36,807 - INFO - 创建 9214490401712423724460 的新轨迹 1 条
2025-12-16 09:29:36,824 - INFO - 创建 9214490401712423632369 的新轨迹 1 条
2025-12-16 09:29:36,844 - INFO - 创建 9214490401712423700419 的新轨迹 1 条
2025-12-16 09:29:36,864 - INFO - 创建 9214490401712423717271 的新轨迹 1 条
2025-12-16 09:29:36,880 - INFO - 创建 9214490401712423404836 的新轨迹 1 条
2025-12-16 09:29:36,895 - INFO - 创建 GFUS01024502616257 的新轨迹 1 条
2025-12-16 09:29:36,913 - INFO - 创建 396705993501 的新轨迹 1 条
2025-12-16 09:29:36,932 - INFO - 创建 9300110990413076452695 的新轨迹 1 条
2025-12-16 09:29:36,948 - INFO - 创建 9300110990413076456969 的新轨迹 1 条
2025-12-16 09:29:36,964 - INFO - 创建 9300110990413076455566 的新轨迹 1 条
2025-12-16 09:29:36,979 - INFO - 创建 9300110990413076475526 的新轨迹 1 条
2025-12-16 09:29:36,993 - INFO - 创建 9300110990413076459267 的新轨迹 1 条
2025-12-16 09:29:37,008 - INFO - 创建 9300110990413076614758 的新轨迹 1 条
2025-12-16 09:29:37,025 - INFO - 创建 GFUS01024498225856 的新轨迹 1 条
2025-12-16 09:29:37,039 - INFO - 创建 GFUS01024504395779 的新轨迹 1 条
2025-12-16 09:29:37,054 - INFO - 创建 GFUS01024502053378 的新轨迹 1 条
2025-12-16 09:29:37,070 - INFO - 创建 GFUS01024501996227 的新轨迹 1 条
2025-12-16 09:29:37,084 - INFO - 创建 GFUS01024504405825 的新轨迹 1 条
2025-12-16 09:29:37,099 - INFO - 创建 GFUS01024501776000 的新轨迹 1 条
2025-12-16 09:29:37,113 - INFO - 创建 9300111038600122990867 的新轨迹 1 条
2025-12-16 09:29:37,129 - INFO - 创建 GFUS01024497530177 的新轨迹 1 条
2025-12-16 09:29:37,144 - INFO - 创建 GFUS01024496828225 的新轨迹 1 条
2025-12-16 09:29:37,159 - INFO - 创建 9300111038600122956931 的新轨迹 1 条
2025-12-16 09:29:37,176 - INFO - 创建 9214490401712423363492 的新轨迹 1 条
2025-12-16 09:29:37,193 - INFO - 创建 9214490401712423497258 的新轨迹 1 条
2025-12-16 09:29:37,209 - INFO - 创建 GFUS01024501230656 的新轨迹 1 条
2025-12-16 09:29:37,225 - INFO - 创建 GFUS01024504404480 的新轨迹 1 条
2025-12-16 09:29:37,241 - INFO - 创建 GFUS01024503086914 的新轨迹 1 条
2025-12-16 09:29:37,257 - INFO - 创建 9214490401712423497760 的新轨迹 1 条
2025-12-16 09:29:37,273 - INFO - 创建 GFUS01024504412676 的新轨迹 1 条
2025-12-16 09:29:37,287 - INFO - 创建 GFUS01024504413824 的新轨迹 1 条
2025-12-16 09:29:37,302 - INFO - 创建 9214490401712423437872 的新轨迹 1 条
2025-12-16 09:29:38,295 - INFO - 创建 GFUS01024512559488 的新轨迹 1 条
2025-12-16 09:29:38,312 - INFO - 创建 GFUS01024512772289 的新轨迹 1 条
2025-12-16 09:29:38,331 - INFO - 创建 GFUS01024518560448 的新轨迹 1 条
2025-12-16 09:29:38,348 - INFO - 创建 SWX396570000012038184 的新轨迹 1 条
2025-12-16 09:29:38,367 - INFO - 创建 GFUS01024518538496 的新轨迹 1 条
2025-12-16 09:29:38,384 - INFO - 创建 GFUS01024504422785 的新轨迹 1 条
2025-12-16 09:29:38,399 - INFO - 创建 GFUS01024504446209 的新轨迹 1 条
2025-12-16 09:29:38,413 - INFO - 创建 GFUS01024504427202 的新轨迹 1 条
2025-12-16 09:29:38,429 - INFO - 创建 GFUS01024504449408 的新轨迹 1 条
2025-12-16 09:29:38,444 - INFO - 创建 GFUS01024504431104 的新轨迹 1 条
2025-12-16 09:29:38,459 - INFO - 创建 GFUS01024504453506 的新轨迹 1 条
2025-12-16 09:29:38,473 - INFO - 创建 GFUS01024504442176 的新轨迹 1 条
2025-12-16 09:29:38,488 - INFO - 创建 GFUS01024504456256 的新轨迹 1 条
2025-12-16 09:29:38,502 - INFO - 创建 GFUS01024504444034 的新轨迹 1 条
2025-12-16 09:29:38,517 - INFO - 创建 GFUS01024505744065 的新轨迹 1 条
2025-12-16 09:29:38,534 - INFO - 创建 GFUS01024505492801 的新轨迹 1 条
2025-12-16 09:29:38,548 - INFO - 创建 UUS5CF1786657814920 的新轨迹 1 条
2025-12-16 09:29:38,563 - INFO - 创建 GFUS01024504420865 的新轨迹 1 条
2025-12-16 09:29:38,578 - INFO - 创建 GFUS01024501313920 的新轨迹 1 条
2025-12-16 09:29:38,595 - INFO - 创建 GFUS01024501336449 的新轨迹 1 条
2025-12-16 09:29:38,612 - INFO - 创建 9214490401712423346037 的新轨迹 1 条
2025-12-16 09:29:38,629 - INFO - 创建 9300110990413076334595 的新轨迹 2 条
2025-12-16 09:29:38,644 - INFO - 创建 9300110990413076742727 的新轨迹 1 条
2025-12-16 09:29:38,659 - INFO - 创建 9300110990413076431287 的新轨迹 1 条
2025-12-16 09:29:38,676 - INFO - 创建 GFUS01024504395971 的新轨迹 1 条
2025-12-16 09:29:38,691 - INFO - 创建 GFUS01024504380545 的新轨迹 1 条
2025-12-16 09:29:38,706 - INFO - 创建 GFUS01024500903169 的新轨迹 1 条
2025-12-16 09:29:38,721 - INFO - 创建 GFUS01024500304320 的新轨迹 1 条
2025-12-16 09:29:38,736 - INFO - 创建 GFUS01024500304643 的新轨迹 1 条
2025-12-16 09:29:38,752 - INFO - 创建 GFUS01024500305217 的新轨迹 1 条
2025-12-16 09:29:38,767 - INFO - 创建 9300111038600123124025 的新轨迹 1 条
2025-12-16 09:29:38,783 - INFO - 创建 9300111038600123124018 的新轨迹 1 条
2025-12-16 09:29:38,799 - INFO - 创建 9300111038600123084626 的新轨迹 1 条
2025-12-16 09:29:38,813 - INFO - 创建 9300111038600123058191 的新轨迹 1 条
2025-12-16 09:29:38,830 - INFO - 创建 9300111038600123058214 的新轨迹 1 条
2025-12-16 09:29:38,850 - INFO - 创建 9300111038600123058207 的新轨迹 1 条
2025-12-16 09:29:38,866 - INFO - 创建 9300111038600123027296 的新轨迹 1 条
2025-12-16 09:29:38,880 - INFO - 创建 9214490401712423447277 的新轨迹 1 条
2025-12-16 09:29:38,897 - INFO - 创建 GFUS01024497686913 的新轨迹 1 条
2025-12-16 09:29:38,912 - INFO - 创建 GFUS01024498492097 的新轨迹 1 条
2025-12-16 09:29:38,930 - INFO - 创建 GFUS01024498514115 的新轨迹 1 条
2025-12-16 09:29:38,944 - INFO - 创建 GFUS01024497838849 的新轨迹 1 条
2025-12-16 09:29:38,960 - INFO - 创建 GFUS01024497847553 的新轨迹 1 条
2025-12-16 09:29:38,975 - INFO - 创建 GFUS01024497832131 的新轨迹 1 条
2025-12-16 09:29:38,991 - INFO - 创建 9214490401712423409213 的新轨迹 1 条
2025-12-16 09:29:39,006 - INFO - 创建 GFUS01024504362048 的新轨迹 1 条
2025-12-16 09:29:39,021 - INFO - 创建 GFUS01024504362305 的新轨迹 1 条
2025-12-16 09:29:39,036 - INFO - 创建 GFUS01024506492164 的新轨迹 1 条
2025-12-16 09:29:39,054 - INFO - 创建 9300110990413076606432 的新轨迹 1 条
2025-12-16 09:29:39,069 - INFO - 创建 9214490401712423334157 的新轨迹 1 条
2025-12-16 09:29:39,070 - INFO - 【第 5 批】同步完成: 成功 100 条, 失败 0 条
2025-12-16 09:29:39,070 - INFO - 【进度】已处理 54.5% (500/918)
2025-12-16 09:29:39,070 - INFO - 【第 6 批】开始同步 100 个运单
2025-12-16 09:29:40,018 - INFO - 创建 SWX788780000011996319 的新轨迹 1 条
2025-12-16 09:29:40,034 - INFO - 创建 SWX869340000011996356 的新轨迹 1 条
2025-12-16 09:29:40,048 - INFO - 创建 9300110990413076357563 的新轨迹 1 条
2025-12-16 09:29:40,067 - INFO - 创建 9300110990413076328235 的新轨迹 1 条
2025-12-16 09:29:40,084 - INFO - 创建 9300110990413076346604 的新轨迹 1 条
2025-12-16 09:29:40,100 - INFO - 创建 9300110990413076312081 的新轨迹 1 条
2025-12-16 09:29:40,115 - INFO - 创建 GFUS01024491540866 的新轨迹 1 条
2025-12-16 09:29:40,131 - INFO - 创建 9300111038600122651331 的新轨迹 1 条
2025-12-16 09:29:40,145 - INFO - 创建 GFUS01024490893697 的新轨迹 1 条
2025-12-16 09:29:40,162 - INFO - 创建 9300111038600122651355 的新轨迹 1 条
2025-12-16 09:29:40,176 - INFO - 创建 GFUS01024490894083 的新轨迹 1 条
2025-12-16 09:29:40,205 - INFO - 创建 9300111038600122414134 的新轨迹 1 条
2025-12-16 09:29:40,221 - INFO - 创建 9300111038600122414127 的新轨迹 1 条
2025-12-16 09:29:40,236 - INFO - 创建 9300111038600122379341 的新轨迹 1 条
2025-12-16 09:29:40,254 - INFO - 创建 GFUS01024481792000 的新轨迹 1 条
2025-12-16 09:29:40,273 - INFO - 创建 9300111038600122379372 的新轨迹 1 条
2025-12-16 09:29:40,293 - INFO - 创建 9300111038600122379402 的新轨迹 1 条
2025-12-16 09:29:40,312 - INFO - 创建 9300111038600122379396 的新轨迹 1 条
2025-12-16 09:29:40,328 - INFO - 创建 GFUS01024481793664 的新轨迹 1 条
2025-12-16 09:29:40,344 - INFO - 创建 9300111038600122379358 的新轨迹 1 条
2025-12-16 09:29:40,360 - INFO - 创建 9300111038600122379365 的新轨迹 1 条
2025-12-16 09:29:40,375 - INFO - 创建 GFUS01024481792001 的新轨迹 1 条
2025-12-16 09:29:40,392 - INFO - 创建 GFUS01024481792384 的新轨迹 1 条
2025-12-16 09:29:40,407 - INFO - 创建 9300110990413076035836 的新轨迹 2 条
2025-12-16 09:29:40,423 - INFO - 创建 9214490401712423666784 的新轨迹 1 条
2025-12-16 09:29:40,441 - INFO - 创建 9214490401712423379868 的新轨迹 1 条
2025-12-16 09:29:40,456 - INFO - 创建 9300111038600122798654 的新轨迹 1 条
2025-12-16 09:29:40,471 - INFO - 创建 GFUS01024483928449 的新轨迹 1 条
2025-12-16 09:29:40,486 - INFO - 创建 9300111038600122620139 的新轨迹 1 条
2025-12-16 09:29:40,500 - INFO - 创建 9300111038600122620122 的新轨迹 1 条
2025-12-16 09:29:40,516 - INFO - 创建 9300111038600122414202 的新轨迹 1 条
2025-12-16 09:29:40,531 - INFO - 创建 GFUS01024483928512 的新轨迹 1 条
2025-12-16 09:29:40,546 - INFO - 创建 9300111038600122414080 的新轨迹 1 条
2025-12-16 09:29:40,561 - INFO - 创建 GFUS01024483928064 的新轨迹 1 条
2025-12-16 09:29:40,577 - INFO - 创建 9300111038600122414219 的新轨迹 1 条
2025-12-16 09:29:40,593 - INFO - 创建 9300111038600122414226 的新轨迹 1 条
2025-12-16 09:29:40,611 - INFO - 创建 9300111038600122414073 的新轨迹 1 条
2025-12-16 09:29:40,627 - INFO - 创建 GFUS01024483928833 的新轨迹 1 条
2025-12-16 09:29:40,642 - INFO - 创建 GFUS01024483928256 的新轨迹 1 条
2025-12-16 09:29:40,657 - INFO - 创建 GFUS01024483929408 的新轨迹 1 条
2025-12-16 09:29:40,671 - INFO - 创建 9300111038600122414189 的新轨迹 1 条
2025-12-16 09:29:40,687 - INFO - 创建 9300111038600122414141 的新轨迹 1 条
2025-12-16 09:29:40,702 - INFO - 创建 9300111038600122414097 的新轨迹 1 条
2025-12-16 09:29:40,716 - INFO - 创建 GFUS01024483928832 的新轨迹 1 条
2025-12-16 09:29:40,730 - INFO - 创建 9300111038600122414066 的新轨迹 1 条
2025-12-16 09:29:40,743 - INFO - 创建 9300111038600122414103 的新轨迹 1 条
2025-12-16 09:29:40,758 - INFO - 创建 9300111038600122414158 的新轨迹 1 条
2025-12-16 09:29:40,774 - INFO - 创建 GFUS01024485362176 的新轨迹 1 条
2025-12-16 09:29:40,790 - INFO - 创建 GFUS01024485362240 的新轨迹 1 条
2025-12-16 09:29:41,722 - INFO - 创建 SWX262160000012013730 的新轨迹 1 条
2025-12-16 09:29:41,736 - INFO - 创建 GFUS01024493913219 的新轨迹 1 条
2025-12-16 09:29:41,750 - INFO - 创建 GFUS01024493912581 的新轨迹 1 条
2025-12-16 09:29:41,765 - INFO - 创建 GFUS01024498842048 的新轨迹 1 条
2025-12-16 09:29:41,780 - INFO - 创建 GFUS01024504388034 的新轨迹 1 条
2025-12-16 09:29:41,796 - INFO - 创建 GFUS01024499678274 的新轨迹 1 条
2025-12-16 09:29:41,810 - INFO - 创建 GFUS01024504389440 的新轨迹 1 条
2025-12-16 09:29:41,825 - INFO - 创建 GFUS01024504720705 的新轨迹 1 条
2025-12-16 09:29:41,840 - INFO - 创建 GFUS01024499678338 的新轨迹 1 条
2025-12-16 09:29:41,854 - INFO - 创建 GFUS01024504725888 的新轨迹 1 条
2025-12-16 09:29:41,869 - INFO - 创建 GFUS01024499680384 的新轨迹 1 条
2025-12-16 09:29:41,884 - INFO - 创建 GFUS01024499671619 的新轨迹 1 条
2025-12-16 09:29:41,899 - INFO - 创建 GFUS01024499679683 的新轨迹 1 条
2025-12-16 09:29:41,916 - INFO - 创建 GFUS01024504730374 的新轨迹 1 条
2025-12-16 09:29:41,933 - INFO - 创建 GFUS01024499670145 的新轨迹 1 条
2025-12-16 09:29:41,953 - INFO - 创建 GFUS01024499004672 的新轨迹 1 条
2025-12-16 09:29:41,967 - INFO - 创建 GFUS01024495281474 的新轨迹 1 条
2025-12-16 09:29:41,983 - INFO - 创建 GFUS01024494626626 的新轨迹 1 条
2025-12-16 09:29:41,998 - INFO - 创建 UUS5CF1785657394723 的新轨迹 1 条
2025-12-16 09:29:42,013 - INFO - 创建 GFUS01024485362816 的新轨迹 1 条
2025-12-16 09:29:42,028 - INFO - 创建 GFUS01024485363328 的新轨迹 1 条
2025-12-16 09:29:42,043 - INFO - 创建 GFUS01024485362369 的新轨迹 1 条
2025-12-16 09:29:42,059 - INFO - 创建 9300111038600122441680 的新轨迹 1 条
2025-12-16 09:29:42,073 - INFO - 创建 GFUS01024485362944 的新轨迹 1 条
2025-12-16 09:29:42,088 - INFO - 创建 9300111038600122441673 的新轨迹 1 条
2025-12-16 09:29:42,102 - INFO - 创建 9300111038600122441659 的新轨迹 1 条
2025-12-16 09:29:42,117 - INFO - 创建 9300111038600122441666 的新轨迹 1 条
2025-12-16 09:29:42,131 - INFO - 创建 9300111038600122441703 的新轨迹 1 条
2025-12-16 09:29:42,145 - INFO - 创建 9300111038600122414165 的新轨迹 1 条
2025-12-16 09:29:42,160 - INFO - 创建 9200190371472913045913 的新轨迹 1 条
2025-12-16 09:29:42,174 - INFO - 创建 GFUS01024502134081 的新轨迹 1 条
2025-12-16 09:29:42,189 - INFO - 创建 9200190371472913045968 的新轨迹 1 条
2025-12-16 09:29:42,204 - INFO - 创建 UUS5CF1789658216560 的新轨迹 1 条
2025-12-16 09:29:42,217 - INFO - 创建 9200190371472913045906 的新轨迹 1 条
2025-12-16 09:29:42,231 - INFO - 创建 GFUS01024502133313 的新轨迹 1 条
2025-12-16 09:29:42,246 - INFO - 创建 9200190371472913045890 的新轨迹 1 条
2025-12-16 09:29:42,260 - INFO - 创建 GFUS01024502134594 的新轨迹 1 条
2025-12-16 09:29:42,276 - INFO - 创建 9300111038600122491975 的新轨迹 1 条
2025-12-16 09:29:42,291 - INFO - 创建 GFUS01024487130240 的新轨迹 1 条
2025-12-16 09:29:42,306 - INFO - 创建 GFUS01024487130178 的新轨迹 1 条
2025-12-16 09:29:42,320 - INFO - 创建 9300111038600122491968 的新轨迹 1 条
2025-12-16 09:29:42,335 - INFO - 创建 9300111038600122491937 的新轨迹 1 条
2025-12-16 09:29:42,349 - INFO - 创建 9300111038600122491944 的新轨迹 1 条
2025-12-16 09:29:42,365 - INFO - 创建 9300111038600122491920 的新轨迹 1 条
2025-12-16 09:29:42,379 - INFO - 创建 9300111038600122441697 的新轨迹 1 条
2025-12-16 09:29:42,393 - INFO - 创建 GFUS01024485361856 的新轨迹 1 条
2025-12-16 09:29:42,407 - INFO - 创建 SPXDFW088901198045 的新轨迹 1 条
2025-12-16 09:29:42,421 - INFO - 创建 9300111038600122441710 的新轨迹 1 条
2025-12-16 09:29:42,435 - INFO - 创建 9200190371472913045944 的新轨迹 1 条
2025-12-16 09:29:42,449 - INFO - 创建 9200190371472913045920 的新轨迹 1 条
2025-12-16 09:29:42,451 - INFO - 【第 6 批】同步完成: 成功 100 条, 失败 0 条
2025-12-16 09:29:42,451 - INFO - 【第 7 批】开始同步 100 个运单
2025-12-16 09:29:43,570 - INFO - 创建 GFUS01024502133824 的新轨迹 1 条
2025-12-16 09:29:43,585 - INFO - 创建 9200190371472913045937 的新轨迹 1 条
2025-12-16 09:29:43,601 - INFO - 创建 UUS5CF1780658216585 的新轨迹 1 条
2025-12-16 09:29:43,618 - INFO - 创建 9200190371472913045883 的新轨迹 1 条
2025-12-16 09:29:43,636 - INFO - 创建 GFUS01024502133250 的新轨迹 1 条
2025-12-16 09:29:43,651 - INFO - 创建 GFUS01024502133506 的新轨迹 1 条
2025-12-16 09:29:43,666 - INFO - 创建 9200190371472913045951 的新轨迹 1 条
2025-12-16 09:29:43,680 - INFO - 创建 GFUS01024487129857 的新轨迹 1 条
2025-12-16 09:29:43,694 - INFO - 创建 9300111038600122492064 的新轨迹 1 条
2025-12-16 09:29:43,710 - INFO - 创建 UUS5CF1784656757312 的新轨迹 1 条
2025-12-16 09:29:43,728 - INFO - 创建 9300111038600122492057 的新轨迹 1 条
2025-12-16 09:29:43,742 - INFO - 创建 9300111038600122492002 的新轨迹 1 条
2025-12-16 09:29:43,757 - INFO - 创建 GFUS01024487130369 的新轨迹 1 条
2025-12-16 09:29:43,775 - INFO - 创建 GFUS01024487129537 的新轨迹 1 条
2025-12-16 09:29:43,789 - INFO - 创建 GFUS01024487129856 的新轨迹 1 条
2025-12-16 09:29:43,803 - INFO - 创建 UUS5CF1782656757333 的新轨迹 1 条
2025-12-16 09:29:43,818 - INFO - 创建 9300111038600122492019 的新轨迹 1 条
2025-12-16 09:29:43,833 - INFO - 创建 9300111038600122492088 的新轨迹 1 条
2025-12-16 09:29:43,846 - INFO - 创建 9300111038600122492026 的新轨迹 1 条
2025-12-16 09:29:43,861 - INFO - 创建 9300111038600122491999 的新轨迹 1 条
2025-12-16 09:29:43,878 - INFO - 创建 9300111038600122492101 的新轨迹 1 条
2025-12-16 09:29:43,893 - INFO - 创建 GFUS01024487129536 的新轨迹 1 条
2025-12-16 09:29:43,908 - INFO - 创建 9300111038600122492071 的新轨迹 1 条
2025-12-16 09:29:43,925 - INFO - 创建 9300111038600122492033 的新轨迹 1 条
2025-12-16 09:29:43,939 - INFO - 创建 GFUS01024487130945 的新轨迹 1 条
2025-12-16 09:29:43,955 - INFO - 创建 GFUS01024487130752 的新轨迹 1 条
2025-12-16 09:29:43,971 - INFO - 创建 UUS5CF1781656757281 的新轨迹 1 条
2025-12-16 09:29:43,988 - INFO - 创建 9300110990413075954091 的新轨迹 2 条
2025-12-16 09:29:44,004 - INFO - 创建 9300110990413075991607 的新轨迹 2 条
2025-12-16 09:29:44,019 - INFO - 创建 GFUS01024498459331 的新轨迹 1 条
2025-12-16 09:29:44,034 - INFO - 创建 9400136208423286862547 的新轨迹 1 条
2025-12-16 09:29:44,052 - INFO - 创建 GFUS01024506526850 的新轨迹 1 条
2025-12-16 09:29:44,066 - INFO - 创建 9300110990413076005433 的新轨迹 2 条
2025-12-16 09:29:44,080 - INFO - 创建 9300110990413076209886 的新轨迹 2 条
2025-12-16 09:29:44,108 - INFO - 创建 9300110990413076049147 的新轨迹 2 条
2025-12-16 09:29:44,122 - INFO - 创建 9300110990413076232266 的新轨迹 2 条
2025-12-16 09:29:44,138 - INFO - 创建 9300110990413076261105 的新轨迹 2 条
2025-12-16 09:29:44,154 - INFO - 创建 9300110990413076284777 的新轨迹 2 条
2025-12-16 09:29:44,167 - INFO - 创建 GFUS01024488837312 的新轨迹 1 条
2025-12-16 09:29:44,182 - INFO - 创建 GFUS01024488838976 的新轨迹 1 条
2025-12-16 09:29:44,202 - INFO - 创建 9300111038600122556919 的新轨迹 1 条
2025-12-16 09:29:44,217 - INFO - 创建 GFUS01024488837888 的新轨迹 1 条
2025-12-16 09:29:44,232 - INFO - 创建 GFUS01024488837505 的新轨迹 1 条
2025-12-16 09:29:44,248 - INFO - 创建 9300111038600122492125 的新轨迹 1 条
2025-12-16 09:29:44,265 - INFO - 创建 GFUS01024487129538 的新轨迹 1 条
2025-12-16 09:29:44,280 - INFO - 创建 GFUS01024487129794 的新轨迹 1 条
2025-12-16 09:29:44,298 - INFO - 创建 9214490401712423720738 的新轨迹 1 条
2025-12-16 09:29:44,315 - INFO - 创建 9214490401712423495919 的新轨迹 1 条
2025-12-16 09:29:44,332 - INFO - 创建 9214490401712423384411 的新轨迹 1 条
2025-12-16 09:29:45,486 - INFO - 创建 9300110990413076275379 的新轨迹 2 条
2025-12-16 09:29:45,506 - INFO - 创建 9214490401712423412367 的新轨迹 1 条
2025-12-16 09:29:45,523 - INFO - 创建 GFUS01024501275393 的新轨迹 1 条
2025-12-16 09:29:45,541 - INFO - 创建 9214490401712423495889 的新轨迹 1 条
2025-12-16 09:29:45,559 - INFO - 创建 9214490401712423361672 的新轨迹 1 条
2025-12-16 09:29:45,579 - INFO - 创建 9214490401712423362839 的新轨迹 1 条
2025-12-16 09:29:45,597 - INFO - 创建 9214490401712423496923 的新轨迹 1 条
2025-12-16 09:29:45,616 - INFO - 创建 9214490401712423382721 的新轨迹 1 条
2025-12-16 09:29:45,637 - INFO - 创建 9214490401712423496237 的新轨迹 1 条
2025-12-16 09:29:45,655 - INFO - 创建 9214490401712423362822 的新轨迹 1 条
2025-12-16 09:29:45,671 - INFO - 创建 9214490401712423362334 的新轨迹 1 条
2025-12-16 09:29:45,687 - INFO - 创建 9214490401712423380840 的新轨迹 1 条
2025-12-16 09:29:45,702 - INFO - 创建 9300110990413075923752 的新轨迹 2 条
2025-12-16 09:29:45,720 - INFO - 创建 9300110990413075929037 的新轨迹 2 条
2025-12-16 09:29:45,735 - INFO - 创建 9300110990413075940490 的新轨迹 2 条
2025-12-16 09:29:45,751 - INFO - 创建 9300110990413075963550 的新轨迹 2 条
2025-12-16 09:29:45,765 - INFO - 创建 9214490401712423800270 的新轨迹 1 条
2025-12-16 09:29:45,782 - INFO - 创建 9214490401712423450673 的新轨迹 1 条
2025-12-16 09:29:45,796 - INFO - 创建 396706253160 的新轨迹 1 条
2025-12-16 09:29:45,809 - INFO - 创建 9214490401712423504659 的新轨迹 1 条
2025-12-16 09:29:45,824 - INFO - 创建 9214490401712423502983 的新轨迹 1 条
2025-12-16 09:29:45,839 - INFO - 创建 9214490401712423505892 的新轨迹 1 条
2025-12-16 09:29:45,852 - INFO - 创建 9214490401712423510247 的新轨迹 1 条
2025-12-16 09:29:45,866 - INFO - 创建 9214490401712423509425 的新轨迹 1 条
2025-12-16 09:29:45,884 - INFO - 创建 9214490401712423719190 的新轨迹 1 条
2025-12-16 09:29:45,902 - INFO - 创建 396706172449 的新轨迹 1 条
2025-12-16 09:29:45,917 - INFO - 创建 9214490401712423770146 的新轨迹 1 条
2025-12-16 09:29:45,937 - INFO - 创建 9214490401712423495742 的新轨迹 1 条
2025-12-16 09:29:45,955 - INFO - 创建 GFUS01024503116289 的新轨迹 1 条
2025-12-16 09:29:45,971 - INFO - 创建 9214490401712423333679 的新轨迹 1 条
2025-12-16 09:29:45,990 - INFO - 创建 9214490401712423720271 的新轨迹 1 条
2025-12-16 09:29:46,010 - INFO - 创建 9214490401712423386187 的新轨迹 1 条
2025-12-16 09:29:46,027 - INFO - 创建 9214490401712423496329 的新轨迹 1 条
2025-12-16 09:29:46,044 - INFO - 创建 GFUS01024518920577 的新轨迹 1 条
2025-12-16 09:29:46,062 - INFO - 创建 GFUS01024518982977 的新轨迹 1 条
2025-12-16 09:29:46,078 - INFO - 创建 GFUS01024519005313 的新轨迹 1 条
2025-12-16 09:29:46,093 - INFO - 创建 GFUS01024519026690 的新轨迹 1 条
2025-12-16 09:29:46,108 - INFO - 创建 GFUS01024519090372 的新轨迹 1 条
2025-12-16 09:29:46,123 - INFO - 创建 GFUS01024519102272 的新轨迹 1 条
2025-12-16 09:29:46,138 - INFO - 创建 GFUS01024519132225 的新轨迹 1 条
2025-12-16 09:29:46,153 - INFO - 创建 GFUS01024519132224 的新轨迹 1 条
2025-12-16 09:29:46,173 - INFO - 创建 GFUS01024520971009 的新轨迹 1 条
2025-12-16 09:29:46,188 - INFO - 创建 GFUS01024528511682 的新轨迹 1 条
2025-12-16 09:29:46,202 - INFO - 创建 GFUS01024528471680 的新轨迹 1 条
2025-12-16 09:29:46,217 - INFO - 创建 GFUS01024528510210 的新轨迹 1 条
2025-12-16 09:29:46,233 - INFO - 创建 GFUS01024528474821 的新轨迹 1 条
2025-12-16 09:29:46,249 - INFO - 创建 GFUS01024528517504 的新轨迹 1 条
2025-12-16 09:29:46,263 - INFO - 创建 GFUS01024528481025 的新轨迹 1 条
2025-12-16 09:29:46,278 - INFO - 创建 GFUS01024528483392 的新轨迹 1 条
2025-12-16 09:29:46,293 - INFO - 创建 GFUS01024528484163 的新轨迹 1 条
2025-12-16 09:29:46,296 - INFO - 【第 7 批】同步完成: 成功 100 条, 失败 0 条
2025-12-16 09:29:46,296 - INFO - 【第 8 批】开始同步 100 个运单
2025-12-16 09:29:47,376 - INFO - 创建 SWX043800000012019405 的新轨迹 1 条
2025-12-16 09:29:47,391 - INFO - 创建 SWX889210000012019467 的新轨迹 1 条
2025-12-16 09:29:47,406 - INFO - 创建 SWX998450000012019404 的新轨迹 1 条
2025-12-16 09:29:47,425 - INFO - 创建 SWX319920000012019466 的新轨迹 1 条
2025-12-16 09:29:47,439 - INFO - 创建 SWX866410000012042545 的新轨迹 1 条
2025-12-16 09:29:47,456 - INFO - 创建 SWX021840000012041865 的新轨迹 1 条
2025-12-16 09:29:47,471 - INFO - 创建 GFUS01024528543041 的新轨迹 1 条
2025-12-16 09:29:47,485 - INFO - 创建 GFUS01024528542209 的新轨迹 1 条
2025-12-16 09:29:47,499 - INFO - 创建 9214490401712424064312 的新轨迹 1 条
2025-12-16 09:29:47,515 - INFO - 创建 9300110990413077025089 的新轨迹 1 条
2025-12-16 09:29:47,530 - INFO - 创建 GFUS01024528359427 的新轨迹 1 条
2025-12-16 09:29:47,546 - INFO - 创建 GFUS01024528384579 的新轨迹 1 条
2025-12-16 09:29:47,563 - INFO - 创建 GFUS01024528388672 的新轨迹 1 条
2025-12-16 09:29:47,578 - INFO - 创建 GFUS01024528394048 的新轨迹 1 条
2025-12-16 09:29:47,595 - INFO - 创建 GFUS01024528389953 的新轨迹 1 条
2025-12-16 09:29:47,610 - INFO - 创建 GFUS01024528415489 的新轨迹 1 条
2025-12-16 09:29:47,642 - INFO - 创建 GFUS01024528391301 的新轨迹 1 条
2025-12-16 09:29:47,657 - INFO - 创建 GFUS01024528420160 的新轨迹 1 条
2025-12-16 09:29:47,674 - INFO - 创建 GFUS01024528415808 的新轨迹 1 条
2025-12-16 09:29:47,690 - INFO - 创建 GFUS01024528415810 的新轨迹 1 条
2025-12-16 09:29:47,705 - INFO - 创建 9300110990413076841659 的新轨迹 1 条
2025-12-16 09:29:47,723 - INFO - 创建 9305510989911171505379 的新轨迹 1 条
2025-12-16 09:29:47,739 - INFO - 创建 9300110990413076873360 的新轨迹 1 条
2025-12-16 09:29:47,756 - INFO - 创建 9214490401712423847817 的新轨迹 1 条
2025-12-16 09:29:47,771 - INFO - 创建 GFUS01024523798976 的新轨迹 1 条
2025-12-16 09:29:47,788 - INFO - 创建 GFUS01024523788864 的新轨迹 1 条
2025-12-16 09:29:47,810 - INFO - 创建 9214490401712423885994 的新轨迹 1 条
2025-12-16 09:29:47,826 - INFO - 创建 9214490401712423985694 的新轨迹 1 条
2025-12-16 09:29:47,842 - INFO - 创建 9214490401712423987537 的新轨迹 1 条
2025-12-16 09:29:47,860 - INFO - 创建 GFUS01024528331328 的新轨迹 1 条
2025-12-16 09:29:47,876 - INFO - 创建 GFUS01024528359876 的新轨迹 1 条
2025-12-16 09:29:47,891 - INFO - 创建 GFUS01024528360581 的新轨迹 1 条
2025-12-16 09:29:47,907 - INFO - 创建 GFUS01024528357382 的新轨迹 1 条
2025-12-16 09:29:47,922 - INFO - 创建 GFUS01024528345089 的新轨迹 1 条
2025-12-16 09:29:47,937 - INFO - 创建 GFUS01024528359872 的新轨迹 1 条
2025-12-16 09:29:47,953 - INFO - 创建 GFUS01024528381249 的新轨迹 1 条
2025-12-16 09:29:47,970 - INFO - 创建 9300110990413077007276 的新轨迹 1 条
2025-12-16 09:29:47,988 - INFO - 创建 9300110990413076995772 的新轨迹 1 条
2025-12-16 09:29:48,006 - INFO - 创建 GFUS01024525990977 的新轨迹 1 条
2025-12-16 09:29:48,022 - INFO - 创建 9300110990413077013437 的新轨迹 1 条
2025-12-16 09:29:48,043 - INFO - 创建 GFUS01024525997696 的新轨迹 1 条
2025-12-16 09:29:48,060 - INFO - 创建 GFUS01024525991169 的新轨迹 1 条
2025-12-16 09:29:48,076 - INFO - 创建 9300110990413077005432 的新轨迹 1 条
2025-12-16 09:29:48,091 - INFO - 创建 GFUS01024525986178 的新轨迹 1 条
2025-12-16 09:29:48,107 - INFO - 创建 9300110990413077020466 的新轨迹 1 条
2025-12-16 09:29:48,121 - INFO - 创建 9300110990413077011808 的新轨迹 1 条
2025-12-16 09:29:48,137 - INFO - 创建 9300110990413076485075 的新轨迹 1 条
2025-12-16 09:29:48,152 - INFO - 创建 9300110990413076504530 的新轨迹 1 条
2025-12-16 09:29:48,169 - INFO - 创建 9214490401712423925195 的新轨迹 1 条
2025-12-16 09:29:49,285 - INFO - 创建 GFUS01024528483010 的新轨迹 1 条
2025-12-16 09:29:49,304 - INFO - 创建 GFUS01024528542977 的新轨迹 1 条
2025-12-16 09:29:49,320 - INFO - 创建 GFUS01024528515840 的新轨迹 1 条
2025-12-16 09:29:49,336 - INFO - 创建 GFUS01024528546368 的新轨迹 1 条
2025-12-16 09:29:49,352 - INFO - 创建 GFUS01024528766788 的新轨迹 1 条
2025-12-16 09:29:49,369 - INFO - 创建 GFUS01024530359617 的新轨迹 1 条
2025-12-16 09:29:49,387 - INFO - 创建 GFUS01024529499777 的新轨迹 1 条
2025-12-16 09:29:49,401 - INFO - 创建 GFUS01024530626179 的新轨迹 1 条
2025-12-16 09:29:49,416 - INFO - 创建 GFUS01024528428353 的新轨迹 1 条
2025-12-16 09:29:49,434 - INFO - 创建 GFUS01024528441538 的新轨迹 1 条
2025-12-16 09:29:49,453 - INFO - 创建 GFUS01024528444673 的新轨迹 1 条
2025-12-16 09:29:49,470 - INFO - 创建 GFUS01024528450688 的新轨迹 1 条
2025-12-16 09:29:49,486 - INFO - 创建 GFUS01024528452865 的新轨迹 1 条
2025-12-16 09:29:49,503 - INFO - 创建 GFUS01024528508224 的新轨迹 1 条
2025-12-16 09:29:49,518 - INFO - 创建 GFUS01024528451777 的新轨迹 1 条
2025-12-16 09:29:49,536 - INFO - 创建 GFUS01024528508547 的新轨迹 1 条
2025-12-16 09:29:49,554 - INFO - 创建 SWX391590000012068786 的新轨迹 1 条
2025-12-16 09:29:49,569 - INFO - 创建 GFUS01024528577601 的新轨迹 1 条
2025-12-16 09:29:49,585 - INFO - 创建 GFUS01024529228928 的新轨迹 1 条
2025-12-16 09:29:49,600 - INFO - 创建 GFUS01024530329986 的新轨迹 1 条
2025-12-16 09:29:49,615 - INFO - 创建 GFUS01024528577857 的新轨迹 1 条
2025-12-16 09:29:49,632 - INFO - 创建 SWX156760000012073879 的新轨迹 1 条
2025-12-16 09:29:49,650 - INFO - 创建 396709780372 的新轨迹 1 条
2025-12-16 09:29:49,664 - INFO - 创建 9300110990413076799967 的新轨迹 1 条
2025-12-16 09:29:49,683 - INFO - 创建 9300110990413076798458 的新轨迹 1 条
2025-12-16 09:29:49,698 - INFO - 创建 9300110990413076980037 的新轨迹 1 条
2025-12-16 09:29:49,713 - INFO - 创建 9300110990413076978409 的新轨迹 1 条
2025-12-16 09:29:49,728 - INFO - 创建 9300110990413077007054 的新轨迹 1 条
2025-12-16 09:29:49,744 - INFO - 创建 9300110990413076998469 的新轨迹 1 条
2025-12-16 09:29:49,758 - INFO - 创建 9300110990413077003773 的新轨迹 1 条
2025-12-16 09:29:49,775 - INFO - 创建 9214490401712424119395 的新轨迹 1 条
2025-12-16 09:29:49,792 - INFO - 创建 9214490401712424153276 的新轨迹 1 条
2025-12-16 09:29:49,809 - INFO - 创建 9214490401712424118114 的新轨迹 1 条
2025-12-16 09:29:49,826 - INFO - 创建 9214490401712424137368 的新轨迹 1 条
2025-12-16 09:29:49,846 - INFO - 创建 9214490401712424117223 的新轨迹 1 条
2025-12-16 09:29:49,865 - INFO - 创建 9214490401712424116363 的新轨迹 1 条
2025-12-16 09:29:49,884 - INFO - 创建 9214490401712424152842 的新轨迹 1 条
2025-12-16 09:29:49,902 - INFO - 创建 9214490401712424107552 的新轨迹 1 条
2025-12-16 09:29:49,919 - INFO - 创建 9214490401712423989661 的新轨迹 1 条
2025-12-16 09:29:49,936 - INFO - 创建 9300110990413076425453 的新轨迹 1 条
2025-12-16 09:29:49,952 - INFO - 创建 9300110990413076434387 的新轨迹 1 条
2025-12-16 09:29:49,966 - INFO - 创建 9300110990413076405592 的新轨迹 1 条
2025-12-16 09:29:49,982 - INFO - 创建 9300110990413076422216 的新轨迹 1 条
2025-12-16 09:29:49,999 - INFO - 创建 9214490401712423901090 的新轨迹 1 条
2025-12-16 09:29:50,015 - INFO - 创建 9214490401712423901601 的新轨迹 1 条
2025-12-16 09:29:50,032 - INFO - 创建 9214490401712423907832 的新轨迹 1 条
2025-12-16 09:29:50,048 - INFO - 创建 9300111038600118349068 的新轨迹 1 条
2025-12-16 09:29:50,064 - INFO - 创建 9300111038600118354345 的新轨迹 1 条
2025-12-16 09:29:50,082 - INFO - 创建 9300111038600118354338 的新轨迹 1 条
2025-12-16 09:29:50,100 - INFO - 创建 9300111038600118354352 的新轨迹 1 条
2025-12-16 09:29:50,101 - INFO - 【第 8 批】同步完成: 成功 100 条, 失败 0 条
2025-12-16 09:29:50,101 - INFO - 【第 9 批】开始同步 100 个运单
2025-12-16 09:29:51,051 - INFO - 创建 GFUS01024528550657 的新轨迹 1 条
2025-12-16 09:29:51,066 - INFO - 创建 GFUS01024528548032 的新轨迹 1 条
2025-12-16 09:29:51,083 - INFO - 创建 GFUS01024530303360 的新轨迹 1 条
2025-12-16 09:29:51,098 - INFO - 创建 GFUS01024526139968 的新轨迹 1 条
2025-12-16 09:29:51,112 - INFO - 创建 GFUS01024526151872 的新轨迹 1 条
2025-12-16 09:29:51,127 - INFO - 创建 GFUS01024526144769 的新轨迹 1 条
2025-12-16 09:29:51,143 - INFO - 创建 GFUS01024526154306 的新轨迹 1 条
2025-12-16 09:29:51,157 - INFO - 创建 GFUS01024526173314 的新轨迹 1 条
2025-12-16 09:29:51,172 - INFO - 创建 GFUS01024526172736 的新轨迹 1 条
2025-12-16 09:29:51,187 - INFO - 创建 GFUS01024526182018 的新轨迹 1 条
2025-12-16 09:29:51,204 - INFO - 创建 GFUS01024526172672 的新轨迹 1 条
2025-12-16 09:29:51,221 - INFO - 创建 GFUS01024526172356 的新轨迹 1 条
2025-12-16 09:29:51,236 - INFO - 创建 GFUS01024525967937 的新轨迹 1 条
2025-12-16 09:29:51,251 - INFO - 创建 GFUS01024530252928 的新轨迹 1 条
2025-12-16 09:29:51,268 - INFO - 创建 GFUS01024525968065 的新轨迹 1 条
2025-12-16 09:29:51,283 - INFO - 创建 GFUS01024525965505 的新轨迹 1 条
2025-12-16 09:29:51,298 - INFO - 创建 GFUS01024525976066 的新轨迹 1 条
2025-12-16 09:29:51,312 - INFO - 创建 GFUS01024526014983 的新轨迹 1 条
2025-12-16 09:29:51,328 - INFO - 创建 GFUS01024530137474 的新轨迹 1 条
2025-12-16 09:29:51,348 - INFO - 创建 GFUS01024530170435 的新轨迹 1 条
2025-12-16 09:29:51,365 - INFO - 创建 GFUS01024523915712 的新轨迹 1 条
2025-12-16 09:29:51,388 - INFO - 创建 GFUS01024534607169 的新轨迹 1 条
2025-12-16 09:29:51,405 - INFO - 创建 GFUS01024534653314 的新轨迹 1 条
2025-12-16 09:29:51,421 - INFO - 创建 GFUS01024526140097 的新轨迹 1 条
2025-12-16 09:29:51,437 - INFO - 创建 SPXLAX088901129560 的新轨迹 1 条
2025-12-16 09:29:51,451 - INFO - 创建 SPXIAH088901129559 的新轨迹 1 条
2025-12-16 09:29:51,469 - INFO - 创建 SWX189600000011438537 的新轨迹 1 条
2025-12-16 09:29:51,484 - INFO - 创建 SPXMCO088901129687 的新轨迹 1 条
2025-12-16 09:29:51,499 - INFO - 创建 SWX304940000011441166 的新轨迹 2 条
2025-12-16 09:29:51,513 - INFO - 创建 9300110990413076997479 的新轨迹 1 条
2025-12-16 09:29:51,529 - INFO - 创建 9300110990413076996137 的新轨迹 1 条
2025-12-16 09:29:51,546 - INFO - 创建 9214490401712424153702 的新轨迹 1 条
2025-12-16 09:29:51,563 - INFO - 创建 9214490401712424124566 的新轨迹 1 条
2025-12-16 09:29:51,580 - INFO - 创建 9214490401712424122944 的新轨迹 1 条
2025-12-16 09:29:51,598 - INFO - 创建 9214490401712424121701 的新轨迹 1 条
2025-12-16 09:29:51,613 - INFO - 创建 9214490401712423841976 的新轨迹 1 条
2025-12-16 09:29:51,627 - INFO - 创建 9214490401712423900048 的新轨迹 1 条
2025-12-16 09:29:51,645 - INFO - 创建 9214490401712423855775 的新轨迹 1 条
2025-12-16 09:29:51,659 - INFO - 创建 SWX348570000012055422 的新轨迹 1 条
2025-12-16 09:29:51,673 - INFO - 创建 9214490401712423875438 的新轨迹 1 条
2025-12-16 09:29:51,690 - INFO - 创建 9214490401712423866108 的新轨迹 1 条
2025-12-16 09:29:51,703 - INFO - 创建 9214490401712423887844 的新轨迹 1 条
2025-12-16 09:29:51,719 - INFO - 创建 SWX824740000012058131 的新轨迹 1 条
2025-12-16 09:29:51,735 - INFO - 创建 GFUS01024535228865 的新轨迹 1 条
2025-12-16 09:29:51,751 - INFO - 创建 GFUS01024535331394 的新轨迹 1 条
2025-12-16 09:29:51,767 - INFO - 创建 GFUS01024535382400 的新轨迹 1 条
2025-12-16 09:29:51,783 - INFO - 创建 GFUS01024535527040 的新轨迹 1 条
2025-12-16 09:29:51,798 - INFO - 创建 9300110990413076922488 的新轨迹 1 条
2025-12-16 09:29:51,811 - INFO - 创建 9300110990413076917576 的新轨迹 1 条
2025-12-16 09:29:51,826 - INFO - 创建 9300110990413076925786 的新轨迹 1 条
2025-12-16 09:29:52,761 - INFO - 创建 UUS5CC1787638191420 的新轨迹 2 条
2025-12-16 09:29:52,778 - INFO - 创建 UUS5CC1782638191475 的新轨迹 2 条
2025-12-16 09:29:52,792 - INFO - 创建 SWX948380000012055559 的新轨迹 1 条
2025-12-16 09:29:52,807 - INFO - 创建 SWX928570000012057742 的新轨迹 1 条
2025-12-16 09:29:52,821 - INFO - 创建 9300110990413077121972 的新轨迹 1 条
2025-12-16 09:29:52,835 - INFO - 创建 9300110990413077122177 的新轨迹 1 条
2025-12-16 09:29:52,852 - INFO - 创建 9300110990413077105767 的新轨迹 1 条
2025-12-16 09:29:52,868 - INFO - 创建 GFUS01024538058752 的新轨迹 1 条
2025-12-16 09:29:52,883 - INFO - 创建 GFUS01024537914496 的新轨迹 1 条
2025-12-16 09:29:52,899 - INFO - 创建 9300110990413077106283 的新轨迹 1 条
2025-12-16 09:29:52,913 - INFO - 创建 9300110990413077102698 的新轨迹 1 条
2025-12-16 09:29:52,929 - INFO - 创建 9300111038600124144718 的新轨迹 1 条
2025-12-16 09:29:52,947 - INFO - 创建 9300111038600124144701 的新轨迹 1 条
2025-12-16 09:29:52,963 - INFO - 创建 GFUS01024536803841 的新轨迹 1 条
2025-12-16 09:29:52,979 - INFO - 创建 GFUS01024535908161 的新轨迹 1 条
2025-12-16 09:29:52,995 - INFO - 创建 GFUS01024537424320 的新轨迹 1 条
2025-12-16 09:29:53,013 - INFO - 创建 9214490401712424414049 的新轨迹 1 条
2025-12-16 09:29:53,032 - INFO - 创建 GFUS01024535182403 的新轨迹 1 条
2025-12-16 09:29:53,049 - INFO - 创建 9214490401712424447429 的新轨迹 1 条
2025-12-16 09:29:53,066 - INFO - 创建 GFUS01024544785473 的新轨迹 1 条
2025-12-16 09:29:53,083 - INFO - 创建 GFUS01024544887170 的新轨迹 1 条
2025-12-16 09:29:53,101 - INFO - 创建 GFUS01024544929793 的新轨迹 1 条
2025-12-16 09:29:53,117 - INFO - 创建 GFUS01024544975552 的新轨迹 1 条
2025-12-16 09:29:53,134 - INFO - 创建 GFUS01024545032577 的新轨迹 1 条
2025-12-16 09:29:53,150 - INFO - 创建 GFUS01024544433475 的新轨迹 1 条
2025-12-16 09:29:53,164 - INFO - 创建 GFUS01024543604928 的新轨迹 1 条
2025-12-16 09:29:53,178 - INFO - 创建 GFUS01024543631553 的新轨迹 1 条
2025-12-16 09:29:53,193 - INFO - 创建 GFUS01024543657602 的新轨迹 1 条
2025-12-16 09:29:53,210 - INFO - 创建 GFUS01024545274304 的新轨迹 1 条
2025-12-16 09:29:53,224 - INFO - 创建 9214490401712424473299 的新轨迹 1 条
2025-12-16 09:29:53,238 - INFO - 创建 9214490401712424473251 的新轨迹 1 条
2025-12-16 09:29:53,255 - INFO - 创建 9300110990413076869004 的新轨迹 1 条
2025-12-16 09:29:53,269 - INFO - 创建 9300110990413076995116 的新轨迹 1 条
2025-12-16 09:29:53,285 - INFO - 创建 9300110990413077007535 的新轨迹 1 条
2025-12-16 09:29:53,300 - INFO - 创建 9300110990413076985339 的新轨迹 1 条
2025-12-16 09:29:53,316 - INFO - 创建 9300110990413076970755 的新轨迹 1 条
2025-12-16 09:29:53,334 - INFO - 创建 GFUS01024545526848 的新轨迹 1 条
2025-12-16 09:29:53,352 - INFO - 创建 GFUS01024545554624 的新轨迹 1 条
2025-12-16 09:29:53,369 - INFO - 创建 GFUS01024545578816 的新轨迹 1 条
2025-12-16 09:29:53,386 - INFO - 创建 9214490401712424501435 的新轨迹 1 条
2025-12-16 09:29:53,403 - INFO - 创建 GFUS01024545601729 的新轨迹 1 条
2025-12-16 09:29:53,418 - INFO - 创建 9214490401712424554530 的新轨迹 1 条
2025-12-16 09:29:53,434 - INFO - 创建 9300111038600122492040 的新轨迹 1 条
2025-12-16 09:29:53,452 - INFO - 创建 9300111038600122414110 的新轨迹 1 条
2025-12-16 09:29:53,468 - INFO - 创建 9300111038600122379389 的新轨迹 1 条
2025-12-16 09:29:53,484 - INFO - 创建 9214490401712424583264 的新轨迹 1 条
2025-12-16 09:29:53,500 - INFO - 创建 9300110990413076658998 的新轨迹 1 条
2025-12-16 09:29:53,516 - INFO - 创建 9300110990413076909526 的新轨迹 1 条
2025-12-16 09:29:53,532 - INFO - 创建 9300110990413076989658 的新轨迹 1 条
2025-12-16 09:29:53,548 - INFO - 创建 9300110990413076987470 的新轨迹 1 条
2025-12-16 09:29:53,549 - INFO - 【第 9 批】同步完成: 成功 100 条, 失败 0 条
2025-12-16 09:29:53,549 - INFO - 【第 10 批】开始同步 18 个运单
2025-12-16 09:29:54,549 - INFO - 创建 SWX943060000012086897 的新轨迹 1 条
2025-12-16 09:29:54,564 - INFO - 创建 SWX886000000012086983 的新轨迹 1 条
2025-12-16 09:29:54,582 - INFO - 创建 SWX225600000012114316 的新轨迹 1 条
2025-12-16 09:29:54,599 - INFO - 创建 GFUS01024545625408 的新轨迹 1 条
2025-12-16 09:29:54,614 - INFO - 创建 GFUS01024545647681 的新轨迹 1 条
2025-12-16 09:29:54,632 - INFO - 创建 GFUS01024546017792 的新轨迹 1 条
2025-12-16 09:29:54,648 - INFO - 创建 SWX058370000012114948 的新轨迹 1 条
2025-12-16 09:29:54,665 - INFO - 创建 GFUS01024548723969 的新轨迹 1 条
2025-12-16 09:29:54,684 - INFO - 创建 GFUS01024548746497 的新轨迹 1 条
2025-12-16 09:29:54,699 - INFO - 创建 GFUS01024548606465 的新轨迹 1 条
2025-12-16 09:29:54,716 - INFO - 创建 GFUS01024548627136 的新轨迹 1 条
2025-12-16 09:29:54,735 - INFO - 创建 GFUS01024548766208 的新轨迹 1 条
2025-12-16 09:29:54,752 - INFO - 创建 GFUS01024548665153 的新轨迹 1 条
2025-12-16 09:29:54,767 - INFO - 创建 GFUS01024550357443 的新轨迹 1 条
2025-12-16 09:29:54,783 - INFO - 创建 SWX881650000012124867 的新轨迹 1 条
2025-12-16 09:29:54,798 - INFO - 创建 SWX771810000012124600 的新轨迹 1 条
2025-12-16 09:29:54,813 - INFO - 创建 SWX721790000012124884 的新轨迹 1 条
2025-12-16 09:29:54,828 - INFO - 创建 9300110990413077239905 的新轨迹 1 条
2025-12-16 09:29:54,828 - INFO - 【第 10 批】同步完成: 成功 18 条, 失败 0 条
2025-12-16 09:29:54,829 - INFO - 【进度】已处理 100.0% (1000/918)
2025-12-16 09:29:54,829 - INFO - ============================================================
2025-12-16 09:29:54,829 - INFO - 同步任务完成！总计: 918 个运单
2025-12-16 09:29:54,829 - INFO - 成功更新: 918 条
2025-12-16 09:29:54,829 - INFO - 失败: 0 条
2025-12-16 09:29:54,829 - INFO - 成功率: 100.0%
2025-12-16 09:29:54,829 - INFO - ============================================================
