2025-12-15 14:05:22,719 - INFO - 查询数据库：共 32 个运单需要同步（已排除 DELIVERED, EXPIRED 状态）
2025-12-15 14:05:22,720 - INFO - ============================================================
2025-12-15 14:05:22,720 - INFO - 开始执行轨迹同步任务，总计 32 个运单
2025-12-15 14:05:22,720 - INFO - ============================================================
2025-12-15 14:05:22,720 - INFO - 【第 1 批】开始同步 32 个运单
2025-12-15 14:05:22,720 - INFO - 准备更新 32 个物流单号的信息
2025-12-15 14:05:22,720 - INFO - 处理第 1 批: 32 个单号
2025-12-15 14:05:23,831 - INFO - 🔄 更新运单: 9300111038600113255364 (IN_TRANSIT)
2025-12-15 14:05:23,837 - INFO - 删除 9300111038600113255364 的旧轨迹 3 条
2025-12-15 14:05:23,842 - INFO - 创建 9300111038600113255364 的新轨迹 3 条
2025-12-15 14:05:23,856 - INFO - 🔄 更新运单: GFUS01023780260353 (IN_TRANSIT)
2025-12-15 14:05:23,859 - INFO - 删除 GFUS01023780260353 的旧轨迹 6 条
2025-12-15 14:05:23,862 - INFO - 创建 GFUS01023780260353 的新轨迹 6 条
2025-12-15 14:05:23,891 - INFO - 🔄 更新运单: 9300111038600113255456 (IN_TRANSIT)
2025-12-15 14:05:23,894 - INFO - 删除 9300111038600113255456 的旧轨迹 3 条
2025-12-15 14:05:23,897 - INFO - 创建 9300111038600113255456 的新轨迹 3 条
2025-12-15 14:05:23,918 - INFO - 🔄 更新运单: GFUS01023780261698 (IN_TRANSIT)
2025-12-15 14:05:23,921 - INFO - 删除 GFUS01023780261698 的旧轨迹 6 条
2025-12-15 14:05:23,923 - INFO - 创建 GFUS01023780261698 的新轨迹 6 条
2025-12-15 14:05:23,944 - INFO - 🔄 更新运单: 9300111038600113255395 (IN_TRANSIT)
2025-12-15 14:05:23,948 - INFO - 删除 9300111038600113255395 的旧轨迹 6 条
2025-12-15 14:05:23,951 - INFO - 创建 9300111038600113255395 的新轨迹 6 条
2025-12-15 14:05:23,968 - INFO - 🔄 更新运单: UUS5CB1786620488914 (IN_TRANSIT)
2025-12-15 14:05:23,973 - INFO - 删除 UUS5CB1786620488914 的旧轨迹 3 条
2025-12-15 14:05:23,976 - INFO - 创建 UUS5CB1786620488914 的新轨迹 3 条
2025-12-15 14:05:23,998 - INFO - 🔄 更新运单: 9300110990413061718669 (IN_TRANSIT)
2025-12-15 14:05:24,005 - INFO - 删除 9300110990413061718669 的旧轨迹 6 条
2025-12-15 14:05:24,008 - INFO - 创建 9300110990413061718669 的新轨迹 6 条
2025-12-15 14:05:24,027 - INFO - 🔄 更新运单: 9300110990413061741995 (IN_TRANSIT)
2025-12-15 14:05:24,030 - INFO - 删除 9300110990413061741995 的旧轨迹 11 条
2025-12-15 14:05:24,034 - INFO - 创建 9300110990413061741995 的新轨迹 11 条
2025-12-15 14:05:24,063 - INFO - 🔄 更新运单: 9214490401712415025254 (IN_TRANSIT)
2025-12-15 14:05:24,068 - INFO - 删除 9214490401712415025254 的旧轨迹 5 条
2025-12-15 14:05:24,073 - INFO - 创建 9214490401712415025254 的新轨迹 5 条
2025-12-15 14:05:24,095 - INFO - 🔄 更新运单: GFUS01023834820995 (IN_TRANSIT)
2025-12-15 14:05:24,099 - INFO - 删除 GFUS01023834820995 的旧轨迹 7 条
2025-12-15 14:05:24,103 - INFO - 创建 GFUS01023834820995 的新轨迹 7 条
2025-12-15 14:05:24,147 - INFO - 🔄 更新运单: 9300111038600113198623 (IN_TRANSIT)
2025-12-15 14:05:24,151 - INFO - 删除 9300111038600113198623 的旧轨迹 8 条
2025-12-15 14:05:24,154 - INFO - 创建 9300111038600113198623 的新轨迹 8 条
2025-12-15 14:05:24,171 - INFO - 🔄 更新运单: GFUS01023777597825 (IN_TRANSIT)
2025-12-15 14:05:24,174 - INFO - 删除 GFUS01023777597825 的旧轨迹 5 条
2025-12-15 14:05:24,177 - INFO - 创建 GFUS01023777597825 的新轨迹 5 条
2025-12-15 14:05:24,210 - INFO - 🔄 更新运单: UUS5CB1784620306002 (IN_TRANSIT)
2025-12-15 14:05:24,213 - INFO - 删除 UUS5CB1784620306002 的旧轨迹 4 条
2025-12-15 14:05:24,217 - INFO - 创建 UUS5CB1784620306002 的新轨迹 4 条
2025-12-15 14:05:24,240 - INFO - 🔄 更新运单: UUS5CB1788620305949 (IN_TRANSIT)
2025-12-15 14:05:24,242 - INFO - 删除 UUS5CB1788620305949 的旧轨迹 3 条
2025-12-15 14:05:24,245 - INFO - 创建 UUS5CB1788620305949 的新轨迹 3 条
2025-12-15 14:05:24,267 - INFO - 🔄 更新运单: UUS5CB1781620305962 (IN_TRANSIT)
2025-12-15 14:05:24,270 - INFO - 删除 UUS5CB1781620305962 的旧轨迹 3 条
2025-12-15 14:05:24,276 - INFO - 创建 UUS5CB1781620305962 的新轨迹 3 条
2025-12-15 14:05:24,296 - INFO - 🔄 更新运单: UUS5CB1788620305934 (IN_TRANSIT)
2025-12-15 14:05:24,299 - INFO - 删除 UUS5CB1788620305934 的旧轨迹 3 条
2025-12-15 14:05:24,305 - INFO - 创建 UUS5CB1788620305934 的新轨迹 3 条
2025-12-15 14:05:24,327 - INFO - 🔄 更新运单: GFUS01023777597440 (IN_TRANSIT)
2025-12-15 14:05:24,331 - INFO - 删除 GFUS01023777597440 的旧轨迹 4 条
2025-12-15 14:05:24,335 - INFO - 创建 GFUS01023777597440 的新轨迹 4 条
2025-12-15 14:05:24,357 - INFO - 🔄 更新运单: GFUS01023777597954 (IN_TRANSIT)
2025-12-15 14:05:24,365 - INFO - 删除 GFUS01023777597954 的旧轨迹 4 条
2025-12-15 14:05:24,367 - INFO - 创建 GFUS01023777597954 的新轨迹 4 条
2025-12-15 14:05:24,387 - INFO - 🔄 更新运单: 9300111038600113198685 (IN_TRANSIT)
2025-12-15 14:05:24,390 - INFO - 删除 9300111038600113198685 的旧轨迹 8 条
2025-12-15 14:05:24,393 - INFO - 创建 9300111038600113198685 的新轨迹 8 条
2025-12-15 14:05:24,410 - INFO - 🔄 更新运单: GFUS01023777598145 (IN_TRANSIT)
2025-12-15 14:05:24,412 - INFO - 删除 GFUS01023777598145 的旧轨迹 5 条
2025-12-15 14:05:24,416 - INFO - 创建 GFUS01023777598145 的新轨迹 5 条
2025-12-15 14:05:24,436 - INFO - 🔄 更新运单: 9300111038600113255357 (IN_TRANSIT)
2025-12-15 14:05:24,438 - INFO - 删除 9300111038600113255357 的旧轨迹 3 条
2025-12-15 14:05:24,441 - INFO - 创建 9300111038600113255357 的新轨迹 3 条
2025-12-15 14:05:24,459 - INFO - 🔄 更新运单: GFUS01023780260416 (IN_TRANSIT)
2025-12-15 14:05:24,461 - INFO - 删除 GFUS01023780260416 的旧轨迹 6 条
2025-12-15 14:05:24,465 - INFO - 创建 GFUS01023780260416 的新轨迹 6 条
2025-12-15 14:05:24,488 - INFO - 🔄 更新运单: 9300111038600113255340 (IN_TRANSIT)
2025-12-15 14:05:24,491 - INFO - 删除 9300111038600113255340 的旧轨迹 6 条
2025-12-15 14:05:24,494 - INFO - 创建 9300111038600113255340 的新轨迹 6 条
2025-12-15 14:05:24,516 - INFO - 🔄 更新运单: GFUS01023780260544 (IN_TRANSIT)
2025-12-15 14:05:24,519 - INFO - 删除 GFUS01023780260544 的旧轨迹 4 条
2025-12-15 14:05:24,523 - INFO - 创建 GFUS01023780260544 的新轨迹 4 条
2025-12-15 14:05:24,545 - INFO - 🔄 更新运单: GFUS01023780260928 (IN_TRANSIT)
2025-12-15 14:05:24,548 - INFO - 删除 GFUS01023780260928 的旧轨迹 4 条
2025-12-15 14:05:24,554 - INFO - 创建 GFUS01023780260928 的新轨迹 4 条
2025-12-15 14:05:24,574 - INFO - 🔄 更新运单: 9300111038600113255449 (IN_TRANSIT)
2025-12-15 14:05:24,577 - INFO - 删除 9300111038600113255449 的旧轨迹 3 条
2025-12-15 14:05:24,580 - INFO - 创建 9300111038600113255449 的新轨迹 3 条
2025-12-15 14:05:24,596 - INFO - 🔄 更新运单: GFUS01023780260929 (IN_TRANSIT)
2025-12-15 14:05:24,598 - INFO - 删除 GFUS01023780260929 的旧轨迹 4 条
2025-12-15 14:05:24,601 - INFO - 创建 GFUS01023780260929 的新轨迹 4 条
2025-12-15 14:05:24,619 - INFO - 🔄 更新运单: GFUS01023780261697 (IN_TRANSIT)
2025-12-15 14:05:24,622 - INFO - 删除 GFUS01023780261697 的旧轨迹 6 条
2025-12-15 14:05:24,625 - INFO - 创建 GFUS01023780261697 的新轨迹 6 条
2025-12-15 14:05:24,639 - INFO - 🔄 更新运单: GFUS01023777597824 (IN_TRANSIT)
2025-12-15 14:05:24,641 - INFO - 删除 GFUS01023777597824 的旧轨迹 3 条
2025-12-15 14:05:24,644 - INFO - 创建 GFUS01023777597824 的新轨迹 3 条
2025-12-15 14:05:24,662 - INFO - 🔄 更新运单: GFUS01023777598528 (IN_TRANSIT)
2025-12-15 14:05:24,664 - INFO - 删除 GFUS01023777598528 的旧轨迹 4 条
2025-12-15 14:05:24,669 - INFO - 创建 GFUS01023777598528 的新轨迹 4 条
2025-12-15 14:05:24,688 - INFO - 🔄 更新运单: GFUS01023777599296 (IN_TRANSIT)
2025-12-15 14:05:24,690 - INFO - 删除 GFUS01023777599296 的旧轨迹 5 条
2025-12-15 14:05:24,693 - INFO - 创建 GFUS01023777599296 的新轨迹 5 条
2025-12-15 14:05:24,716 - INFO - 🔄 更新运单: 9300111038600099458049 (IN_TRANSIT)
2025-12-15 14:05:24,722 - INFO - 删除 9300111038600099458049 的旧轨迹 8 条
2025-12-15 14:05:24,725 - INFO - 创建 9300111038600099458049 的新轨迹 8 条
2025-12-15 14:05:24,729 - INFO - 批量更新完成！成功: 32, 失败: 0
2025-12-15 14:05:24,729 - INFO - 【第 1 批】同步完成: 成功 32 条, 失败 0 条
2025-12-15 14:05:24,729 - INFO - ============================================================
2025-12-15 14:05:24,729 - INFO - 同步任务完成！总计: 32 个运单
2025-12-15 14:05:24,729 - INFO - 成功更新: 32 条
2025-12-15 14:05:24,729 - INFO - 失败: 0 条
2025-12-15 14:05:24,729 - INFO - 成功率: 100.0%
2025-12-15 14:05:24,729 - INFO - ============================================================
2025-12-15 15:18:39,440 - INFO - 查询数据库：共 32 个运单需要同步（已排除 DELIVERED, EXPIRED 状态）
2025-12-15 15:18:39,440 - INFO - ============================================================
2025-12-15 15:18:39,440 - INFO - 开始执行轨迹同步任务，总计 32 个运单
2025-12-15 15:18:39,440 - INFO - ============================================================
2025-12-15 15:18:39,440 - INFO - 【第 1 批】开始同步 32 个运单
2025-12-15 15:18:39,440 - INFO - 准备更新 32 个物流单号的信息
2025-12-15 15:18:39,440 - INFO - 处理第 1 批: 32 个单号
2025-12-15 15:18:40,585 - INFO - 🔄 更新运单: 9300111038600113255364 (IN_TRANSIT)
2025-12-15 15:18:40,589 - INFO - 删除 9300111038600113255364 的旧轨迹 3 条
2025-12-15 15:18:40,592 - INFO - 创建 9300111038600113255364 的新轨迹 3 条
2025-12-15 15:18:40,620 - INFO - 🔄 更新运单: GFUS01023780260353 (IN_TRANSIT)
2025-12-15 15:18:40,623 - INFO - 删除 GFUS01023780260353 的旧轨迹 6 条
2025-12-15 15:18:40,625 - INFO - 创建 GFUS01023780260353 的新轨迹 6 条
2025-12-15 15:18:40,655 - INFO - 🔄 更新运单: 9300111038600113255456 (IN_TRANSIT)
2025-12-15 15:18:40,657 - INFO - 删除 9300111038600113255456 的旧轨迹 3 条
2025-12-15 15:18:40,659 - INFO - 创建 9300111038600113255456 的新轨迹 3 条
2025-12-15 15:18:40,690 - INFO - 🔄 更新运单: GFUS01023780261698 (IN_TRANSIT)
2025-12-15 15:18:40,692 - INFO - 删除 GFUS01023780261698 的旧轨迹 6 条
2025-12-15 15:18:40,695 - INFO - 创建 GFUS01023780261698 的新轨迹 6 条
2025-12-15 15:18:40,726 - INFO - 🔄 更新运单: 9300111038600113255395 (IN_TRANSIT)
2025-12-15 15:18:40,728 - INFO - 删除 9300111038600113255395 的旧轨迹 6 条
2025-12-15 15:18:40,731 - INFO - 创建 9300111038600113255395 的新轨迹 6 条
2025-12-15 15:18:40,762 - INFO - 🔄 更新运单: UUS5CB1786620488914 (IN_TRANSIT)
2025-12-15 15:18:40,765 - INFO - 删除 UUS5CB1786620488914 的旧轨迹 3 条
2025-12-15 15:18:40,767 - INFO - 创建 UUS5CB1786620488914 的新轨迹 3 条
2025-12-15 15:18:40,799 - INFO - 🔄 更新运单: 9300110990413061718669 (IN_TRANSIT)
2025-12-15 15:18:40,801 - INFO - 删除 9300110990413061718669 的旧轨迹 6 条
2025-12-15 15:18:40,804 - INFO - 创建 9300110990413061718669 的新轨迹 6 条
2025-12-15 15:18:40,837 - INFO - 🔄 更新运单: 9300110990413061741995 (IN_TRANSIT)
2025-12-15 15:18:40,840 - INFO - 删除 9300110990413061741995 的旧轨迹 11 条
2025-12-15 15:18:40,842 - INFO - 创建 9300110990413061741995 的新轨迹 11 条
2025-12-15 15:18:40,875 - INFO - 🔄 更新运单: 9214490401712415025254 (IN_TRANSIT)
2025-12-15 15:18:40,878 - INFO - 删除 9214490401712415025254 的旧轨迹 5 条
2025-12-15 15:18:40,880 - INFO - 创建 9214490401712415025254 的新轨迹 5 条
2025-12-15 15:18:40,917 - INFO - 🔄 更新运单: GFUS01023834820995 (IN_TRANSIT)
2025-12-15 15:18:40,919 - INFO - 删除 GFUS01023834820995 的旧轨迹 7 条
2025-12-15 15:18:40,922 - INFO - 创建 GFUS01023834820995 的新轨迹 7 条
2025-12-15 15:18:40,950 - INFO - 🔄 更新运单: 9300111038600113198623 (IN_TRANSIT)
2025-12-15 15:18:40,953 - INFO - 删除 9300111038600113198623 的旧轨迹 8 条
2025-12-15 15:18:40,955 - INFO - 创建 9300111038600113198623 的新轨迹 8 条
2025-12-15 15:18:40,986 - INFO - 🔄 更新运单: GFUS01023777597825 (IN_TRANSIT)
2025-12-15 15:18:40,988 - INFO - 删除 GFUS01023777597825 的旧轨迹 5 条
2025-12-15 15:18:40,991 - INFO - 创建 GFUS01023777597825 的新轨迹 5 条
2025-12-15 15:18:41,032 - INFO - 🔄 更新运单: UUS5CB1784620306002 (IN_TRANSIT)
2025-12-15 15:18:41,035 - INFO - 删除 UUS5CB1784620306002 的旧轨迹 4 条
2025-12-15 15:18:41,038 - INFO - 创建 UUS5CB1784620306002 的新轨迹 4 条
2025-12-15 15:18:41,072 - INFO - 🔄 更新运单: UUS5CB1788620305949 (IN_TRANSIT)
2025-12-15 15:18:41,074 - INFO - 删除 UUS5CB1788620305949 的旧轨迹 3 条
2025-12-15 15:18:41,076 - INFO - 创建 UUS5CB1788620305949 的新轨迹 3 条
2025-12-15 15:18:41,106 - INFO - 🔄 更新运单: UUS5CB1781620305962 (IN_TRANSIT)
2025-12-15 15:18:41,107 - INFO - 删除 UUS5CB1781620305962 的旧轨迹 3 条
2025-12-15 15:18:41,110 - INFO - 创建 UUS5CB1781620305962 的新轨迹 3 条
2025-12-15 15:18:41,141 - INFO - 🔄 更新运单: UUS5CB1788620305934 (IN_TRANSIT)
2025-12-15 15:18:41,143 - INFO - 删除 UUS5CB1788620305934 的旧轨迹 3 条
2025-12-15 15:18:41,146 - INFO - 创建 UUS5CB1788620305934 的新轨迹 3 条
2025-12-15 15:18:41,178 - INFO - 🔄 更新运单: GFUS01023777597440 (IN_TRANSIT)
2025-12-15 15:18:41,180 - INFO - 删除 GFUS01023777597440 的旧轨迹 4 条
2025-12-15 15:18:41,183 - INFO - 创建 GFUS01023777597440 的新轨迹 4 条
2025-12-15 15:18:41,215 - INFO - 🔄 更新运单: GFUS01023777597954 (IN_TRANSIT)
2025-12-15 15:18:41,217 - INFO - 删除 GFUS01023777597954 的旧轨迹 4 条
2025-12-15 15:18:41,220 - INFO - 创建 GFUS01023777597954 的新轨迹 4 条
2025-12-15 15:18:41,249 - INFO - 🔄 更新运单: 9300111038600113198685 (IN_TRANSIT)
2025-12-15 15:18:41,251 - INFO - 删除 9300111038600113198685 的旧轨迹 8 条
2025-12-15 15:18:41,254 - INFO - 创建 9300111038600113198685 的新轨迹 8 条
2025-12-15 15:18:41,287 - INFO - 🔄 更新运单: GFUS01023777598145 (IN_TRANSIT)
2025-12-15 15:18:41,289 - INFO - 删除 GFUS01023777598145 的旧轨迹 5 条
2025-12-15 15:18:41,291 - INFO - 创建 GFUS01023777598145 的新轨迹 5 条
2025-12-15 15:18:41,323 - INFO - 🔄 更新运单: 9300111038600113255357 (IN_TRANSIT)
2025-12-15 15:18:41,325 - INFO - 删除 9300111038600113255357 的旧轨迹 3 条
2025-12-15 15:18:41,328 - INFO - 创建 9300111038600113255357 的新轨迹 3 条
2025-12-15 15:18:41,359 - INFO - 🔄 更新运单: GFUS01023780260416 (IN_TRANSIT)
2025-12-15 15:18:41,361 - INFO - 删除 GFUS01023780260416 的旧轨迹 6 条
2025-12-15 15:18:41,364 - INFO - 创建 GFUS01023780260416 的新轨迹 6 条
2025-12-15 15:18:41,401 - INFO - 🔄 更新运单: 9300111038600113255340 (IN_TRANSIT)
2025-12-15 15:18:41,404 - INFO - 删除 9300111038600113255340 的旧轨迹 6 条
2025-12-15 15:18:41,405 - INFO - 创建 9300111038600113255340 的新轨迹 6 条
2025-12-15 15:18:41,439 - INFO - 🔄 更新运单: GFUS01023780260544 (IN_TRANSIT)
2025-12-15 15:18:41,441 - INFO - 删除 GFUS01023780260544 的旧轨迹 4 条
2025-12-15 15:18:41,443 - INFO - 创建 GFUS01023780260544 的新轨迹 4 条
2025-12-15 15:18:41,475 - INFO - 🔄 更新运单: GFUS01023780260928 (IN_TRANSIT)
2025-12-15 15:18:41,477 - INFO - 删除 GFUS01023780260928 的旧轨迹 4 条
2025-12-15 15:18:41,480 - INFO - 创建 GFUS01023780260928 的新轨迹 4 条
2025-12-15 15:18:41,510 - INFO - 🔄 更新运单: 9300111038600113255449 (IN_TRANSIT)
2025-12-15 15:18:41,513 - INFO - 删除 9300111038600113255449 的旧轨迹 3 条
2025-12-15 15:18:41,515 - INFO - 创建 9300111038600113255449 的新轨迹 3 条
2025-12-15 15:18:41,548 - INFO - 🔄 更新运单: GFUS01023780260929 (IN_TRANSIT)
2025-12-15 15:18:41,550 - INFO - 删除 GFUS01023780260929 的旧轨迹 4 条
2025-12-15 15:18:41,553 - INFO - 创建 GFUS01023780260929 的新轨迹 4 条
2025-12-15 15:18:41,585 - INFO - 🔄 更新运单: GFUS01023780261697 (IN_TRANSIT)
2025-12-15 15:18:41,586 - INFO - 删除 GFUS01023780261697 的旧轨迹 6 条
2025-12-15 15:18:41,589 - INFO - 创建 GFUS01023780261697 的新轨迹 6 条
2025-12-15 15:18:41,617 - INFO - 🔄 更新运单: GFUS01023777597824 (IN_TRANSIT)
2025-12-15 15:18:41,619 - INFO - 删除 GFUS01023777597824 的旧轨迹 3 条
2025-12-15 15:18:41,621 - INFO - 创建 GFUS01023777597824 的新轨迹 3 条
2025-12-15 15:18:41,654 - INFO - 🔄 更新运单: GFUS01023777598528 (IN_TRANSIT)
2025-12-15 15:18:41,655 - INFO - 删除 GFUS01023777598528 的旧轨迹 4 条
2025-12-15 15:18:41,658 - INFO - 创建 GFUS01023777598528 的新轨迹 4 条
2025-12-15 15:18:41,688 - INFO - 🔄 更新运单: GFUS01023777599296 (IN_TRANSIT)
2025-12-15 15:18:41,689 - INFO - 删除 GFUS01023777599296 的旧轨迹 5 条
2025-12-15 15:18:41,691 - INFO - 创建 GFUS01023777599296 的新轨迹 5 条
2025-12-15 15:18:41,726 - INFO - 🔄 更新运单: 9300111038600099458049 (IN_TRANSIT)
2025-12-15 15:18:41,729 - INFO - 删除 9300111038600099458049 的旧轨迹 8 条
2025-12-15 15:18:41,732 - INFO - 创建 9300111038600099458049 的新轨迹 9 条
2025-12-15 15:18:41,736 - INFO - 批量更新完成！成功: 32, 失败: 0
2025-12-15 15:18:41,736 - INFO - 【第 1 批】同步完成: 成功 32 条, 失败 0 条
2025-12-15 15:18:41,736 - INFO - ============================================================
2025-12-15 15:18:41,736 - INFO - 同步任务完成！总计: 32 个运单
2025-12-15 15:18:41,736 - INFO - 成功更新: 32 条
2025-12-15 15:18:41,736 - INFO - 失败: 0 条
2025-12-15 15:18:41,736 - INFO - 成功率: 100.0%
2025-12-15 15:18:41,736 - INFO - ============================================================
